Archive member included to satisfy reference by file (symbol)

../../../../../external/nrf_cc310_bl/lib/cortex-m4/hard-float/libnrf_cc310_bl_0.9.13.a(nrf_cc310_bl_ecdsa_verify_secp256r1.c.obj)
                              _build/nrf52840_xxaa_s140/cc310_bl_backend_ecdsa.c.o (symbol from plugin) (nrf_cc310_bl_ecdsa_verify_secp256r1)
../../../../../external/nrf_cc310_bl/lib/cortex-m4/hard-float/libnrf_cc310_bl_0.9.13.a(nrf_cc310_bl_hash_sha256.c.obj)
                              _build/nrf52840_xxaa_s140/cc310_bl_backend_hash.c.o (symbol from plugin) (nrf_cc310_bl_hash_sha256_init)
../../../../../external/nrf_cc310_bl/lib/cortex-m4/hard-float/libnrf_cc310_bl_0.9.13.a(nrf_cc310_bl_init.c.obj)
                              _build/nrf52840_xxaa_s140/cc310_bl_backend_init.c.o (symbol from plugin) (nrf_cc310_bl_init)
../../../../../external/nrf_cc310_bl/lib/cortex-m4/hard-float/libnrf_cc310_bl_0.9.13.a(pka.c.obj)
                              ../../../../../external/nrf_cc310_bl/lib/cortex-m4/hard-float/libnrf_cc310_bl_0.9.13.a(nrf_cc310_bl_ecdsa_verify_secp256r1.c.obj) (PkaInitAndMutexLock)
../../../../../external/nrf_cc310_bl/lib/cortex-m4/hard-float/libnrf_cc310_bl_0.9.13.a(pka_ec_wrst_dsa_verify.c.obj)
                              ../../../../../external/nrf_cc310_bl/lib/cortex-m4/hard-float/libnrf_cc310_bl_0.9.13.a(nrf_cc310_bl_ecdsa_verify_secp256r1.c.obj) (PkaEcdsaVerify)
../../../../../external/nrf_cc310_bl/lib/cortex-m4/hard-float/libnrf_cc310_bl_0.9.13.a(ssi_pal_mem.c.obj)
                              ../../../../../external/nrf_cc310_bl/lib/cortex-m4/hard-float/libnrf_cc310_bl_0.9.13.a(nrf_cc310_bl_hash_sha256.c.obj) (SaSi_PalMemCopy)
../../../../../external/nrf_cc310_bl/lib/cortex-m4/hard-float/libnrf_cc310_bl_0.9.13.a(crys_common_conv_endian.c.obj)
                              ../../../../../external/nrf_cc310_bl/lib/cortex-m4/hard-float/libnrf_cc310_bl_0.9.13.a(nrf_cc310_bl_ecdsa_verify_secp256r1.c.obj) (CRYS_COMMON_ReverseMemcpy32)
../../../../../external/nrf_cc310_bl/lib/cortex-m4/hard-float/libnrf_cc310_bl_0.9.13.a(nrf_cc310_bl_hash.c.obj)
                              ../../../../../external/nrf_cc310_bl/lib/cortex-m4/hard-float/libnrf_cc310_bl_0.9.13.a(nrf_cc310_bl_hash_sha256.c.obj) (nrf_cc310_bl_hash_update_internal)
../../../../../external/nrf_cc310_bl/lib/cortex-m4/hard-float/libnrf_cc310_bl_0.9.13.a(pka_ec_wrst.c.obj)
                              ../../../../../external/nrf_cc310_bl/lib/cortex-m4/hard-float/libnrf_cc310_bl_0.9.13.a(pka_ec_wrst_dsa_verify.c.obj) (PkaSum2ScalarMullt)
../../../../../external/nrf_cc310_bl/lib/cortex-m4/hard-float/libnrf_cc310_bl_0.9.13.a(ssi_hal.c.obj)
                              ../../../../../external/nrf_cc310_bl/lib/cortex-m4/hard-float/libnrf_cc310_bl_0.9.13.a(nrf_cc310_bl_hash.c.obj) (SaSi_HalClearInterruptBit)
/usr/lib/gcc/arm-none-eabi/10.3.1/../../../arm-none-eabi/lib/thumb/v7e-m+fp/hard/libc_nano.a(lib_a-atexit.o)
                              /usr/lib/gcc/arm-none-eabi/10.3.1/../../../arm-none-eabi/lib/thumb/v7e-m+fp/hard/crt0.o (atexit)
/usr/lib/gcc/arm-none-eabi/10.3.1/../../../arm-none-eabi/lib/thumb/v7e-m+fp/hard/libc_nano.a(lib_a-exit.o)
                              /usr/lib/gcc/arm-none-eabi/10.3.1/../../../arm-none-eabi/lib/thumb/v7e-m+fp/hard/crt0.o (exit)
/usr/lib/gcc/arm-none-eabi/10.3.1/../../../arm-none-eabi/lib/thumb/v7e-m+fp/hard/libc_nano.a(lib_a-fini.o)
                              /usr/lib/gcc/arm-none-eabi/10.3.1/../../../arm-none-eabi/lib/thumb/v7e-m+fp/hard/crt0.o (__libc_fini_array)
/usr/lib/gcc/arm-none-eabi/10.3.1/../../../arm-none-eabi/lib/thumb/v7e-m+fp/hard/libc_nano.a(lib_a-impure.o)
                              /usr/lib/gcc/arm-none-eabi/10.3.1/../../../arm-none-eabi/lib/thumb/v7e-m+fp/hard/libc_nano.a(lib_a-exit.o) (_global_impure_ptr)
/usr/lib/gcc/arm-none-eabi/10.3.1/../../../arm-none-eabi/lib/thumb/v7e-m+fp/hard/libc_nano.a(lib_a-init.o)
                              /usr/lib/gcc/arm-none-eabi/10.3.1/../../../arm-none-eabi/lib/thumb/v7e-m+fp/hard/crt0.o (__libc_init_array)
/usr/lib/gcc/arm-none-eabi/10.3.1/../../../arm-none-eabi/lib/thumb/v7e-m+fp/hard/libc_nano.a(lib_a-memcmp.o)
                              _build/nrf52840_xxaa_s140/nrf_bootloader_fw_activation.c.o (symbol from plugin) (memcmp)
/usr/lib/gcc/arm-none-eabi/10.3.1/../../../arm-none-eabi/lib/thumb/v7e-m+fp/hard/libc_nano.a(lib_a-memcpy.o)
                              ../../../../../external/nrf_cc310_bl/lib/cortex-m4/hard-float/libnrf_cc310_bl_0.9.13.a(ssi_pal_mem.c.obj) (memcpy)
/usr/lib/gcc/arm-none-eabi/10.3.1/../../../arm-none-eabi/lib/thumb/v7e-m+fp/hard/libc_nano.a(lib_a-memmove.o)
                              ../../../../../external/nrf_cc310_bl/lib/cortex-m4/hard-float/libnrf_cc310_bl_0.9.13.a(ssi_pal_mem.c.obj) (memmove)
/usr/lib/gcc/arm-none-eabi/10.3.1/../../../arm-none-eabi/lib/thumb/v7e-m+fp/hard/libc_nano.a(lib_a-memset.o)
[...]
Memory Configuration

Name             Origin             Length             Attributes
FLASH            0x00000000000f8000 0x0000000000006000 xr
RAM              0x0000000020005978 0x000000000003a688 xrw
uicr_bootloader_start_address 0x0000000010001014 0x0000000000000004 r
bootloader_settings_page 0x00000000000ff000 0x0000000000001000 r
uicr_mbr_params_page 0x0000000010001018 0x0000000000000004 r
mbr_params_page  0x00000000000fe000 0x0000000000001000 r
*default*        0x0000000000000000 0xffffffffffffffff

Linker script and memory map


.text           0x00000000000f8000     0x5c60
 *(.isr_vector)
 .isr_vector    0x00000000000f8000      0x200 _build/nrf52840_xxaa_s140/gcc_startup_nrf52840.S.o
                0x00000000000f8000                __isr_vector
 *(.text*)
 .text          0x00000000000f8200       0x88 /usr/lib/gcc/arm-none-eabi/10.3.1/thumb/v7e-m+fp/hard/crtbegin.o
 .text          0x00000000000f8288       0x70 /usr/lib/gcc/arm-none-eabi/10.3.1/../../../arm-none-eabi/lib/thumb/v7e-m+fp/hard/crt0.o
                0x00000000000f8288                _stack_init
                0x00000000000f8290                _mainCRTStartup
                0x00000000000f8290                _start
 .text          0x00000000000f82f8       0x3c _build/nrf52840_xxaa_s140/gcc_startup_nrf52840.S.o
                0x00000000000f82f8                Reset_Handler
                0x00000000000f8320                NMI_Handler
                0x00000000000f8322                HardFault_Handler
                0x00000000000f8324                MemoryManagement_Handler
                0x00000000000f8326                BusFault_Handler
                0x00000000000f8328                UsageFault_Handler
                0x00000000000f832c                DebugMon_Handler
                0x00000000000f832e                PendSV_Handler
                0x00000000000f8330                SysTick_Handler
                0x00000000000f8332                TIMER2_IRQHandler
                0x00000000000f8332                RTC0_IRQHandler
                0x00000000000f8332                SWI0_EGU0_IRQHandler
                0x00000000000f8332                GPIOTE_IRQHandler
                0x00000000000f8332                PWM1_IRQHandler
                0x00000000000f8332                POWER_CLOCK_IRQHandler
                0x00000000000f8332                RADIO_IRQHandler
                0x00000000000f8332                PDM_IRQHandler
                0x00000000000f8332                TEMP_IRQHandler
                0x00000000000f8332                QDEC_IRQHandler
                0x00000000000f8332                TIMER3_IRQHandler
                0x00000000000f8332                PWM3_IRQHandler
                0x00000000000f8332                FPU_IRQHandler
                0x00000000000f8332                USBD_IRQHandler
                0x00000000000f8332                SPIM0_SPIS0_TWIM0_TWIS0_SPI0_TWI0_IRQHandler
                0x00000000000f8332                UARTE0_UART0_IRQHandler
                0x00000000000f8332                TIMER4_IRQHandler
                0x00000000000f8332                I2S_IRQHandler
                0x00000000000f8332                SWI4_EGU4_IRQHandler
                0x00000000000f8332                TIMER0_IRQHandler
                0x00000000000f8332                UARTE1_IRQHandler
                0x00000000000f8332                TIMER1_IRQHandler
                0x00000000000f8332                SPIM3_IRQHandler
                0x00000000000f8332                PWM2_IRQHandler
                0x00000000000f8332                ECB_IRQHandler
                0x00000000000f8332                SPIM1_SPIS1_TWIM1_TWIS1_SPI1_TWI1_IRQHandler
                0x00000000000f8332                Default_Handler
                0x00000000000f8332                SAADC_IRQHandler
                0x00000000000f8332                CCM_AAR_IRQHandler
                0x00000000000f8332                SWI5_EGU5_IRQHandler
                0x00000000000f8332                RNG_IRQHandler
                0x00000000000f8332                PWM0_IRQHandler
                0x00000000000f8332                SWI3_EGU3_IRQHandler
                0x00000000000f8332                RTC1_IRQHandler
                0x00000000000f8332                SWI1_EGU1_IRQHandler
                0x00000000000f8332                SPIM2_SPIS2_SPI2_IRQHandler
                0x00000000000f8332                NFCT_IRQHandler
                0x00000000000f8332                MWU_IRQHandler
                0x00000000000f8332                QSPI_IRQHandler
                0x00000000000f8332                COMP_LPCOMP_IRQHandler
 .text          0x00000000000f8334     0x3624 /tmp/nrf52840_xxaa_s140.out.rCGGXd.ltrans0.ltrans.o
                0x00000000000fb634                SystemInit
                0x00000000000fb808                SWI2_EGU2_IRQHandler
                0x00000000000fb840                nrf_svc_handler_c
                0x00000000000fb89c                SVC_Handler
                0x00000000000fb8b0                RTC2_IRQHandler
                0x00000000000fb93c                WDT_IRQHandler
 .text.startup  0x00000000000fb958      0x49c /tmp/nrf52840_xxaa_s140.out.rCGGXd.ltrans0.ltrans.o
                0x00000000000fb958                main
 .text.verify_context_ecdsa_verify_secp256r1
                0x00000000000fbdf4       0x20 ../../../../../external/nrf_cc310_bl/lib/cortex-m4/hard-float/libnrf_cc310_bl_0.9.13.a(nrf_cc310_bl_ecdsa_verify_secp256r1.c.obj)
 .text.nrf_cc310_bl_ecdsa_verify_init_secp256r1
                0x00000000000fbe14       0x4c ../../../../../external/nrf_cc310_bl/lib/cortex-m4/hard-float/libnrf_cc310_bl_0.9.13.a(nrf_cc310_bl_ecdsa_verify_secp256r1.c.obj)
                0x00000000000fbe14                nrf_cc310_bl_ecdsa_verify_init_secp256r1
 .text.nrf_cc310_bl_ecdsa_verify_hash_secp256r1
                0x00000000000fbe60      0x164 ../../../../../external/nrf_cc310_bl/lib/cortex-m4/hard-float/libnrf_cc310_bl_0.9.13.a(nrf_cc310_bl_ecdsa_verify_secp256r1.c.obj)
                0x00000000000fbe60                nrf_cc310_bl_ecdsa_verify_hash_secp256r1
 .text.nrf_cc310_bl_ecdsa_verify_secp256r1
                0x00000000000fbfc4       0x28 ../../../../../external/nrf_cc310_bl/lib/cortex-m4/hard-float/libnrf_cc310_bl_0.9.13.a(nrf_cc310_bl_ecdsa_verify_secp256r1.c.obj)
                0x00000000000fbfc4                nrf_cc310_bl_ecdsa_verify_secp256r1
 .text.set_digest_in_hw_sha256
                0x00000000000fbfec       0x38 ../../../../../external/nrf_cc310_bl/lib/cortex-m4/hard-float/libnrf_cc310_bl_0.9.13.a(nrf_cc310_bl_hash_sha256.c.obj)
 .text.read_digest_in_hw_sha256
                0x00000000000fc024       0x54 ../../../../../external/nrf_cc310_bl/lib/cortex-m4/hard-float/libnrf_cc310_bl_0.9.13.a(nrf_cc310_bl_hash_sha256.c.obj)
 .text.verify_context_hash_sha256
                0x00000000000fc078       0x20 ../../../../../external/nrf_cc310_bl/lib/cortex-m4/hard-float/libnrf_cc310_bl_0.9.13.a(nrf_cc310_bl_hash_sha256.c.obj)
 .text.nrf_cc310_bl_hash_sha256_init
                0x00000000000fc098       0x34 ../../../../../external/nrf_cc310_bl/lib/cortex-m4/hard-float/libnrf_cc310_bl_0.9.13.a(nrf_cc310_bl_hash_sha256.c.obj)
                0x00000000000fc098                nrf_cc310_bl_hash_sha256_init
 .text.nrf_cc310_bl_hash_sha256_update
                0x00000000000fc0cc       0xa4 ../../../../../external/nrf_cc310_bl/lib/cortex-m4/hard-float/libnrf_cc310_bl_0.9.13.a(nrf_cc310_bl_hash_sha256.c.obj)
                0x00000000000fc0cc                nrf_cc310_bl_hash_sha256_update
 .text.nrf_cc310_bl_hash_sha256_finalize
                0x00000000000fc170       0x60 ../../../../../external/nrf_cc310_bl/lib/cortex-m4/hard-float/libnrf_cc310_bl_0.9.13.a(nrf_cc310_bl_hash_sha256.c.obj)
                0x00000000000fc170                nrf_cc310_bl_hash_sha256_finalize
 .text.nrf_cc310_bl_init
                0x00000000000fc1d0       0x34 ../../../../../external/nrf_cc310_bl/lib/cortex-m4/hard-float/libnrf_cc310_bl_0.9.13.a(nrf_cc310_bl_init.c.obj)
                0x00000000000fc1d0                nrf_cc310_bl_init
 .text.PkaSetRegsMapTab
                0x00000000000fc204       0x48 ../../../../../external/nrf_cc310_bl/lib/cortex-m4/hard-float/libnrf_cc310_bl_0.9.13.a(pka.c.obj)
                0x00000000000fc204                PkaSetRegsMapTab
 .text.PkaGetRegEffectiveSizeInBits
                0x00000000000fc24c       0x90 ../../../../../external/nrf_cc310_bl/lib/cortex-m4/hard-float/libnrf_cc310_bl_0.9.13.a(pka.c.obj)
                0x00000000000fc24c                PkaGetRegEffectiveSizeInBits
 .text.PkaGetNextMsBit
                0x00000000000fc2dc       0x74 ../../../../../external/nrf_cc310_bl/lib/cortex-m4/hard-float/libnrf_cc310_bl_0.9.13.a(pka.c.obj)
                0x00000000000fc2dc                PkaGetNextMsBit
 .text.PkaSetRegsSizesTab
                0x00000000000fc350       0x3c ../../../../../external/nrf_cc310_bl/lib/cortex-m4/hard-float/libnrf_cc310_bl_0.9.13.a(pka.c.obj)
                0x00000000000fc350                PkaSetRegsSizesTab
 .text.PkaInitPka
                0x00000000000fc38c       0x74 ../../../../../external/nrf_cc310_bl/lib/cortex-m4/hard-float/libnrf_cc310_bl_0.9.13.a(pka.c.obj)
                0x00000000000fc38c                PkaInitPka
 .text.PkaInitAndMutexLock
                0x00000000000fc400        0x8 ../../../../../external/nrf_cc310_bl/lib/cortex-m4/hard-float/libnrf_cc310_bl_0.9.13.a(pka.c.obj)
                0x00000000000fc400                PkaInitAndMutexLock
 .text.PkaClearBlockOfRegs
                0x00000000000fc408      0x140 ../../../../../external/nrf_cc310_bl/lib/cortex-m4/hard-float/libnrf_cc310_bl_0.9.13.a(pka.c.obj)
                0x00000000000fc408                PkaClearBlockOfRegs
 .text.PkaFinishAndMutexUnlock
                0x00000000000fc548       0x24 ../../../../../external/nrf_cc310_bl/lib/cortex-m4/hard-float/libnrf_cc310_bl_0.9.13.a(pka.c.obj)
                0x00000000000fc548                PkaFinishAndMutexUnlock
 .text.PkaCopyDataIntoPkaReg
                0x00000000000fc56c       0xbc ../../../../../external/nrf_cc310_bl/lib/cortex-m4/hard-float/libnrf_cc310_bl_0.9.13.a(pka.c.obj)
                0x00000000000fc56c                PkaCopyDataIntoPkaReg
 .text.PkaEcdsaVerify
                0x00000000000fc628      0x28c ../../../../../external/nrf_cc310_bl/lib/cortex-m4/hard-float/libnrf_cc310_bl_0.9.13.a(pka_ec_wrst_dsa_verify.c.obj)
                0x00000000000fc628                PkaEcdsaVerify
 .text.SaSi_PalMemCopy
                0x00000000000fc8b4        0x4 ../../../../../external/nrf_cc310_bl/lib/cortex-m4/hard-float/libnrf_cc310_bl_0.9.13.a(ssi_pal_mem.c.obj)
                0x00000000000fc8b4                SaSi_PalMemCopy
 .text.SaSi_PalMemSet
                0x00000000000fc8b8        0x4 ../../../../../external/nrf_cc310_bl/lib/cortex-m4/hard-float/libnrf_cc310_bl_0.9.13.a(ssi_pal_mem.c.obj)
                0x00000000000fc8b8                SaSi_PalMemSet
 .text.SaSi_PalMemSetZero
                0x00000000000fc8bc        0x8 ../../../../../external/nrf_cc310_bl/lib/cortex-m4/hard-float/libnrf_cc310_bl_0.9.13.a(ssi_pal_mem.c.obj)
                0x00000000000fc8bc                SaSi_PalMemSetZero
 .text.CRYS_COMMON_ReverseMemcpy32
                0x00000000000fc8c4       0x1a ../../../../../external/nrf_cc310_bl/lib/cortex-m4/hard-float/libnrf_cc310_bl_0.9.13.a(crys_common_conv_endian.c.obj)
                0x00000000000fc8c4                CRYS_COMMON_ReverseMemcpy32
 *fill*         0x00000000000fc8de        0x2 
 .text.nrf_cc310_bl_hash_update_internal
                0x00000000000fc8e0       0xf0 ../../../../../external/nrf_cc310_bl/lib/cortex-m4/hard-float/libnrf_cc310_bl_0.9.13.a(nrf_cc310_bl_hash.c.obj)
                0x00000000000fc8e0                nrf_cc310_bl_hash_update_internal
 .text.PkaDoubleMdf2Mdf
                0x00000000000fc9d0      0x1ac ../../../../../external/nrf_cc310_bl/lib/cortex-m4/hard-float/libnrf_cc310_bl_0.9.13.a(pka_ec_wrst.c.obj)
                0x00000000000fc9d0                PkaDoubleMdf2Mdf
 .text.PkaDoubleMdf2Jcb
                0x00000000000fcb7c      0x178 ../../../../../external/nrf_cc310_bl/lib/cortex-m4/hard-float/libnrf_cc310_bl_0.9.13.a(pka_ec_wrst.c.obj)
                0x00000000000fcb7c                PkaDoubleMdf2Jcb
 .text.PkaAddJcbAfn2Mdf
                0x00000000000fccf4      0x194 ../../../../../external/nrf_cc310_bl/lib/cortex-m4/hard-float/libnrf_cc310_bl_0.9.13.a(pka_ec_wrst.c.obj)
                0x00000000000fccf4                PkaAddJcbAfn2Mdf
 .text.PkaJcb2Afn
                0x00000000000fce88       0xb0 ../../../../../external/nrf_cc310_bl/lib/cortex-m4/hard-float/libnrf_cc310_bl_0.9.13.a(pka_ec_wrst.c.obj)
                0x00000000000fce88                PkaJcb2Afn
 .text.PkaAddAff
                0x00000000000fcf38      0x114 ../../../../../external/nrf_cc310_bl/lib/cortex-m4/hard-float/libnrf_cc310_bl_0.9.13.a(pka_ec_wrst.c.obj)
                0x00000000000fcf38                PkaAddAff
 .text.PkaSum2ScalarMullt
                0x00000000000fd04c      0x1e4 ../../../../../external/nrf_cc310_bl/lib/cortex-m4/hard-float/libnrf_cc310_bl_0.9.13.a(pka_ec_wrst.c.obj)
                0x00000000000fd04c                PkaSum2ScalarMullt
 .text.SaSi_HalClearInterruptBit
                0x00000000000fd230        0xc ../../../../../external/nrf_cc310_bl/lib/cortex-m4/hard-float/libnrf_cc310_bl_0.9.13.a(ssi_hal.c.obj)
                0x00000000000fd230                SaSi_HalClearInterruptBit
 .text.SaSi_HalMaskInterrupt
                0x00000000000fd23c        0xc ../../../../../external/nrf_cc310_bl/lib/cortex-m4/hard-float/libnrf_cc310_bl_0.9.13.a(ssi_hal.c.obj)
                0x00000000000fd23c                SaSi_HalMaskInterrupt
 .text.SaSi_HalWaitInterrupt
                0x00000000000fd248       0x34 ../../../../../external/nrf_cc310_bl/lib/cortex-m4/hard-float/libnrf_cc310_bl_0.9.13.a(ssi_hal.c.obj)
                0x00000000000fd248                SaSi_HalWaitInterrupt
 .text.CRYPTOCELL_IRQHandler
                0x00000000000fd27c       0x24 ../../../../../external/nrf_cc310_bl/lib/cortex-m4/hard-float/libnrf_cc310_bl_0.9.13.a(ssi_hal.c.obj)
                0x00000000000fd27c                CRYPTOCELL_IRQHandler
 .text          0x00000000000fd2a0        0xc /usr/lib/gcc/arm-none-eabi/10.3.1/../../../arm-none-eabi/lib/thumb/v7e-m+fp/hard/libc_nano.a(lib_a-atexit.o)
                0x00000000000fd2a0                atexit
 .text          0x00000000000fd2ac       0x28 /usr/lib/gcc/arm-none-eabi/10.3.1/../../../arm-none-eabi/lib/thumb/v7e-m+fp/hard/libc_nano.a(lib_a-exit.o)
                0x00000000000fd2ac                exit
 .text          0x00000000000fd2d4       0x2c /usr/lib/gcc/arm-none-eabi/10.3.1/../../../arm-none-eabi/lib/thumb/v7e-m+fp/hard/libc_nano.a(lib_a-fini.o)
                0x00000000000fd2d4                __libc_fini_array
 .text          0x00000000000fd300       0x48 /usr/lib/gcc/arm-none-eabi/10.3.1/../../../arm-none-eabi/lib/thumb/v7e-m+fp/hard/libc_nano.a(lib_a-init.o)
                0x00000000000fd300                __libc_init_array
 .text          0x00000000000fd348       0x64 /usr/lib/gcc/arm-none-eabi/10.3.1/../../../arm-none-eabi/lib/thumb/v7e-m+fp/hard/libc_nano.a(lib_a-memcmp.o)
                0x00000000000fd348                memcmp
 .text          0x00000000000fd3ac      0x134 /usr/lib/gcc/arm-none-eabi/10.3.1/../../../arm-none-eabi/lib/thumb/v7e-m+fp/hard/libc_nano.a(lib_a-memcpy.o)
                0x00000000000fd3ac                memcpy
 .text          0x00000000000fd4e0       0xa4 /usr/lib/gcc/arm-none-eabi/10.3.1/../../../arm-none-eabi/lib/thumb/v7e-m+fp/hard/libc_nano.a(lib_a-memset.o)
                0x00000000000fd4e0                memset
 *fill*         0x00000000000fd584       0x3c 
 .text          0x00000000000fd5c0       0xdc /usr/lib/gcc/arm-none-eabi/10.3.1/../../../arm-none-eabi/lib/thumb/v7e-m+fp/hard/libc_nano.a(lib_a-strlen.o)
                0x00000000000fd5c0                strlen
 .text          0x00000000000fd69c       0xac /usr/lib/gcc/arm-none-eabi/10.3.1/../../../arm-none-eabi/lib/thumb/v7e-m+fp/hard/libc_nano.a(lib_a-__atexit.o)
                0x00000000000fd69c                __register_exitproc
 .text          0x00000000000fd748       0xc8 /usr/lib/gcc/arm-none-eabi/10.3.1/../../../arm-none-eabi/lib/thumb/v7e-m+fp/hard/libc_nano.a(lib_a-__call_atexit.o)
                0x00000000000fd748                __call_exitprocs
 .text          0x00000000000fd810        0x4 /usr/lib/gcc/arm-none-eabi/10.3.1/../../../arm-none-eabi/lib/thumb/v7e-m+fp/hard/libnosys.a(_exit.o)
                0x00000000000fd810                _exit
 *(.init)
 .init          0x00000000000fd814        0x4 /usr/lib/gcc/arm-none-eabi/10.3.1/thumb/v7e-m+fp/hard/crti.o
                0x00000000000fd814                _init
 .init          0x00000000000fd818        0x8 /usr/lib/gcc/arm-none-eabi/10.3.1/thumb/v7e-m+fp/hard/crtn.o
 *(.fini)
 .fini          0x00000000000fd820        0x4 /usr/lib/gcc/arm-none-eabi/10.3.1/thumb/v7e-m+fp/hard/crti.o
                0x00000000000fd820                _fini
 .fini          0x00000000000fd824        0x8 /usr/lib/gcc/arm-none-eabi/10.3.1/thumb/v7e-m+fp/hard/crtn.o
 *crtbegin.o(.ctors)
 *crtbegin?.o(.ctors)
 *(EXCLUDE_FILE(*crtend.o *crtend?.o) .ctors)
 *(SORT_BY_NAME(.ctors.*))
 *(.ctors)
 *crtbegin.o(.dtors)
 *crtbegin?.o(.dtors)
 *(EXCLUDE_FILE(*crtend.o *crtend?.o) .dtors)
 *(SORT_BY_NAME(.dtors.*))
 *(.dtors)
 *(.rodata*)
 .rodata.str1.1
                0x00000000000fd82c        0x8 /tmp/nrf52840_xxaa_s140.out.rCGGXd.ltrans0.ltrans.o
 *fill*         0x00000000000fd834        0xc 
 .rodata        0x00000000000fd840      0x31c /tmp/nrf52840_xxaa_s140.out.rCGGXd.ltrans0.ltrans.o
 .rodata.domain_secp256r1
                0x00000000000fdb5c       0xcc ../../../../../external/nrf_cc310_bl/lib/cortex-m4/hard-float/libnrf_cc310_bl_0.9.13.a(nrf_cc310_bl_ecdsa_verify_secp256r1.c.obj)
                0x00000000000fdb5c                domain_secp256r1
 .rodata        0x00000000000fdc28       0x10 ../../../../../external/nrf_cc310_bl/lib/cortex-m4/hard-float/libnrf_cc310_bl_0.9.13.a(nrf_cc310_bl_hash_sha256.c.obj)
 .rodata.NRF_CC310_BL_HASH_LARVAL_SHA256
                0x00000000000fdc38       0x20 ../../../../../external/nrf_cc310_bl/lib/cortex-m4/hard-float/libnrf_cc310_bl_0.9.13.a(nrf_cc310_bl_hash_sha256.c.obj)
                0x00000000000fdc38                NRF_CC310_BL_HASH_LARVAL_SHA256
 .rodata        0x00000000000fdc58        0x4 /usr/lib/gcc/arm-none-eabi/10.3.1/../../../arm-none-eabi/lib/thumb/v7e-m+fp/hard/libc_nano.a(lib_a-impure.o)
                0x00000000000fdc58                _global_impure_ptr
 *(.eh_frame*)
 .eh_frame      0x00000000000fdc5c        0x0 /usr/lib/gcc/arm-none-eabi/10.3.1/thumb/v7e-m+fp/hard/crtbegin.o
 .eh_frame      0x00000000000fdc5c        0x4 /usr/lib/gcc/arm-none-eabi/10.3.1/thumb/v7e-m+fp/hard/crtend.o

.glue_7         0x00000000000fdc60        0x0
 .glue_7        0x00000000000fdc60        0x0 linker stubs

.glue_7t        0x00000000000fdc60        0x0
 .glue_7t       0x00000000000fdc60        0x0 linker stubs

.vfp11_veneer   0x00000000000fdc60        0x0
 .vfp11_veneer  0x00000000000fdc60        0x0 linker stubs

.v4_bx          0x00000000000fdc60        0x0
 .v4_bx         0x00000000000fdc60        0x0 linker stubs

.iplt           0x00000000000fdc60        0x0
 .iplt          0x00000000000fdc60        0x0 /usr/lib/gcc/arm-none-eabi/10.3.1/thumb/v7e-m+fp/hard/crtbegin.o

.mem_section_dummy_rom

.crypto_data    0x00000000000fdc60        0x8
                0x00000000000fdc60                PROVIDE (__start_crypto_data = .)
 *(SORT_BY_NAME(.crypto_data*))
 .crypto_data   0x00000000000fdc60        0x8 /tmp/nrf52840_xxaa_s140.out.rCGGXd.ltrans0.ltrans.o
                0x00000000000fdc60                cc310_bl_backend
                0x00000000000fdc68                PROVIDE (__stop_crypto_data = .)

.nrf_queue      0x00000000000fdc68        0x0
                [!provide]                        PROVIDE (__start_nrf_queue = .)
 *(.nrf_queue)
                [!provide]                        PROVIDE (__stop_nrf_queue = .)

.dfu_trans      0x00000000000fdc68        0x8
                0x00000000000fdc68                PROVIDE (__start_dfu_trans = .)
 *(SORT_BY_NAME(.dfu_trans*))
 .dfu_trans     0x00000000000fdc68        0x8 /tmp/nrf52840_xxaa_s140.out.rCGGXd.ltrans0.ltrans.o
                0x00000000000fdc68                ble_dfu_transport
                0x00000000000fdc70                PROVIDE (__stop_dfu_trans = .)

.svc_data       0x00000000000fdc70        0xc
                0x00000000000fdc70                PROVIDE (__start_svc_data = .)
 *(.svc_data)
 .svc_data      0x00000000000fdc70        0xc /tmp/nrf52840_xxaa_s140.out.rCGGXd.ltrans0.ltrans.o
                0x00000000000fdc70                nrf_dfu_set_adv_name_var
                0x00000000000fdc7c                PROVIDE (__stop_svc_data = .)

.log_const_data
                0x00000000000fdc7c        0x0
                [!provide]                        PROVIDE (__start_log_const_data = .)
 *(SORT_BY_NAME(.log_const_data*))
                [!provide]                        PROVIDE (__stop_log_const_data = .)

.nrf_balloc     0x00000000000fdc7c       0x14
                [!provide]                        PROVIDE (__start_nrf_balloc = .)
 *(.nrf_balloc)
 .nrf_balloc    0x00000000000fdc7c       0x14 /tmp/nrf52840_xxaa_s140.out.rCGGXd.ltrans0.ltrans.o
                0x00000000000fdc7c                m_buffer_pool
                [!provide]                        PROVIDE (__stop_nrf_balloc = .)

.sdh_ble_observers
                0x00000000000fdc90        0x8
                0x00000000000fdc90                PROVIDE (__start_sdh_ble_observers = .)
 *(SORT_BY_NAME(.sdh_ble_observers*))
 .sdh_ble_observers2
                0x00000000000fdc90        0x8 /tmp/nrf52840_xxaa_s140.out.rCGGXd.ltrans0.ltrans.o
                0x00000000000fdc98                PROVIDE (__stop_sdh_ble_observers = .)

.log_backends   0x00000000000fdc98        0x0
                [!provide]                        PROVIDE (__start_log_backends = .)
 *(SORT_BY_NAME(.log_backends*))
                [!provide]                        PROVIDE (__stop_log_backends = .)

.sdh_req_observers
                0x00000000000fdc98        0x8
                0x00000000000fdc98                PROVIDE (__start_sdh_req_observers = .)
 *(SORT_BY_NAME(.sdh_req_observers*))
 .sdh_req_observers0
                0x00000000000fdc98        0x8 /tmp/nrf52840_xxaa_s140.out.rCGGXd.ltrans0.ltrans.o
                0x00000000000fdc98                m_req_obs
                0x00000000000fdca0                PROVIDE (__stop_sdh_req_observers = .)

.sdh_state_observers
                0x00000000000fdca0        0x8
                0x00000000000fdca0                PROVIDE (__start_sdh_state_observers = .)
 *(SORT_BY_NAME(.sdh_state_observers*))
 .sdh_state_observers0
                0x00000000000fdca0        0x8 /tmp/nrf52840_xxaa_s140.out.rCGGXd.ltrans0.ltrans.o
                0x00000000000fdca8                PROVIDE (__stop_sdh_state_observers = .)

.sdh_stack_observers
                0x00000000000fdca8       0x10
                0x00000000000fdca8                PROVIDE (__start_sdh_stack_observers = .)
 *(SORT_BY_NAME(.sdh_stack_observers*))
 .sdh_stack_observers0
                0x00000000000fdca8       0x10 /tmp/nrf52840_xxaa_s140.out.rCGGXd.ltrans0.ltrans.o
                0x00000000000fdcb8                PROVIDE (__stop_sdh_stack_observers = .)

.sdh_soc_observers
                0x00000000000fdcb8        0x8
                0x00000000000fdcb8                PROVIDE (__start_sdh_soc_observers = .)
 *(SORT_BY_NAME(.sdh_soc_observers*))
 .sdh_soc_observers0
                0x00000000000fdcb8        0x8 /tmp/nrf52840_xxaa_s140.out.rCGGXd.ltrans0.ltrans.o
                0x00000000000fdcc0                PROVIDE (__stop_sdh_soc_observers = .)

.ARM.extab
 *(.ARM.extab* .gnu.linkonce.armextab.*)
                0x00000000000fdcc0                __exidx_start = .

.ARM.exidx      0x00000000000fdcc0        0x8
 *(.ARM.exidx* .gnu.linkonce.armexidx.*)
 .ARM.exidx     0x00000000000fdcc0        0x8 /usr/lib/gcc/arm-none-eabi/10.3.1/../../../arm-none-eabi/lib/thumb/v7e-m+fp/hard/crt0.o
                                         0x10 (size before relaxing)
                0x00000000000fdcc8                __exidx_end = .
                0x00000000000fdcc8                . = ALIGN (0x4)
                0x00000000000fdcc8                __etext = .

.data           0x0000000020005978       0x98 load address 0x00000000000fdcc8
                0x0000000020005978                __data_start__ = .
 *(vtable)
 *(.data*)
 .data          0x0000000020005978       0x2c /tmp/nrf52840_xxaa_s140.out.rCGGXd.ltrans0.ltrans.o
                0x00000000200059a0                SystemCoreClock
 .data          0x00000000200059a4       0x64 /usr/lib/gcc/arm-none-eabi/10.3.1/../../../arm-none-eabi/lib/thumb/v7e-m+fp/hard/libc_nano.a(lib_a-impure.o)
                0x00000000200059a4                _impure_ptr
                0x0000000020005a08                . = ALIGN (0x4)
                0x0000000020005a08                PROVIDE (__preinit_array_start = .)
 *(.preinit_array)
                0x0000000020005a08                PROVIDE (__preinit_array_end = .)
                0x0000000020005a08                . = ALIGN (0x4)
                0x0000000020005a08                PROVIDE (__init_array_start = .)
 *(SORT_BY_NAME(.init_array.*))
 *(.init_array)
 .init_array    0x0000000020005a08        0x4 /usr/lib/gcc/arm-none-eabi/10.3.1/thumb/v7e-m+fp/hard/crtbegin.o
                0x0000000020005a0c                PROVIDE (__init_array_end = .)
                0x0000000020005a0c                . = ALIGN (0x4)
                0x0000000020005a0c                PROVIDE (__fini_array_start = .)
 *(SORT_BY_NAME(.fini_array.*))
 *(.fini_array)
 .fini_array    0x0000000020005a0c        0x4 /usr/lib/gcc/arm-none-eabi/10.3.1/thumb/v7e-m+fp/hard/crtbegin.o
                0x0000000020005a10                PROVIDE (__fini_array_end = .)
 *(.jcr*)
                0x0000000020005a10                . = ALIGN (0x4)
                0x0000000020005a10                __data_end__ = .
LOAD /usr/lib/gcc/arm-none-eabi/10.3.1/thumb/v7e-m+fp/hard/crti.o
LOAD /usr/lib/gcc/arm-none-eabi/10.3.1/thumb/v7e-m+fp/hard/crtbegin.o
LOAD /usr/lib/gcc/arm-none-eabi/10.3.1/../../../arm-none-eabi/lib/thumb/v7e-m+fp/hard/crt0.o
LOAD _build/nrf52840_xxaa_s140/gcc_startup_nrf52840.S.o
LOAD _build/nrf52840_xxaa_s140/nrf_log_frontend.c.o
LOAD /tmp/nrf52840_xxaa_s140.out.rCGGXd.ltrans0.ltrans.o
LOAD /tmp/cc82IxJ9.debug.temp.o
LOAD /tmp/cc0aXm5G.debug.temp.o
LOAD /tmp/ccgDWosw.debug.temp.o
LOAD /tmp/cc1kZfvR.debug.temp.o
LOAD /tmp/ccjVcvG2.debug.temp.o
LOAD /tmp/ccUCEsKR.debug.temp.o
LOAD /tmp/ccf1YOXx.debug.temp.o
LOAD /tmp/ccstQnoz.debug.temp.o
LOAD /tmp/ccWKTJ1o.debug.temp.o
LOAD /tmp/ccgPXuRa.debug.temp.o
LOAD /tmp/ccQhMGND.debug.temp.o
LOAD /tmp/ccDxDvlU.debug.temp.o
LOAD /tmp/ccjDDdJY.debug.temp.o
LOAD /tmp/cc1tFIlC.debug.temp.o
LOAD /tmp/ccvRUFLd.debug.temp.o
LOAD /tmp/ccObgdrz.debug.temp.o
LOAD /tmp/ccyFvOl6.debug.temp.o
LOAD /tmp/cc4twDQ4.debug.temp.o
LOAD /tmp/ccGuZDIe.debug.temp.o
LOAD /tmp/ccM9HmsW.debug.temp.o
LOAD /tmp/ccNmwY02.debug.temp.o
LOAD /tmp/ccTagao8.debug.temp.o
LOAD /tmp/ccPRkzWl.debug.temp.o
LOAD /tmp/ccUwfm0H.debug.temp.o
LOAD /tmp/ccU2w8jY.debug.temp.o
LOAD /tmp/ccepUN4W.debug.temp.o
LOAD /tmp/ccPRP1hw.debug.temp.o
LOAD /tmp/cc6xcG4n.debug.temp.o
LOAD /tmp/ccupS1CK.debug.temp.o
LOAD /tmp/ccuQ2GfQ.debug.temp.o
LOAD /tmp/ccIN88y3.debug.temp.o
LOAD /tmp/ccYfozlL.debug.temp.o
LOAD /tmp/ccKCHXRV.debug.temp.o
LOAD /tmp/ccYv0bKH.debug.temp.o
LOAD /tmp/ccmT2nY6.debug.temp.o
LOAD /tmp/ccRKu9Km.debug.temp.o
LOAD /tmp/ccTlT3CE.debug.temp.o
LOAD /tmp/ccrPYxba.debug.temp.o
LOAD /tmp/cckktyIv.debug.temp.o
LOAD /tmp/cc9bhpzU.debug.temp.o
LOAD /tmp/ccs4oRNF.debug.temp.o
LOAD /tmp/ccjXCxTp.debug.temp.o
LOAD /tmp/cc3qg8Lw.debug.temp.o
LOAD /tmp/ccGcytfT.debug.temp.o
LOAD /tmp/cc3rC82G.debug.temp.o
LOAD /tmp/ccAGMDDS.debug.temp.o
LOAD /tmp/ccJhiWVx.debug.temp.o
LOAD /tmp/ccznFb5L.debug.temp.o
LOAD /tmp/ccNZsm6z.debug.temp.o
LOAD /tmp/cckNmkIH.debug.temp.o
LOAD /tmp/ccFOcpVZ.debug.temp.o
LOAD /tmp/cc4v3zcj.debug.temp.o
LOAD /tmp/ccYA19uW.debug.temp.o
LOAD /tmp/ccMITjfw.debug.temp.o
LOAD /tmp/cc2tOyzo.debug.temp.o
LOAD /tmp/ccdt1HC4.debug.temp.o
LOAD /tmp/ccCUZM8Z.debug.temp.o
LOAD /tmp/ccP6FdjI.debug.temp.o
LOAD /tmp/ccCzQkOQ.debug.temp.o
LOAD /tmp/ccunbWd9.debug.temp.o
LOAD /tmp/cccHbIWC.debug.temp.o
LOAD /tmp/ccbV20x3.debug.temp.o
LOAD /tmp/ccLQsGMR.debug.temp.o
LOAD /tmp/cckl4avz.debug.temp.o
LOAD /tmp/ccQnPvvp.debug.temp.o
LOAD /tmp/ccADxH2n.debug.temp.o
LOAD /tmp/ccWnDU1P.debug.temp.o
LOAD /tmp/ccBefbXK.debug.temp.o
LOAD /tmp/ccOfPJqX.debug.temp.o
LOAD /tmp/ccyAwyoT.debug.temp.o
LOAD /tmp/cccbwgk7.debug.temp.o
LOAD /tmp/ccxEpcT8.debug.temp.o
LOAD /tmp/ccQTAex7.debug.temp.o
LOAD _build/nrf52840_xxaa_s140/nrf_log_str_formatter.c.o
LOAD _build/nrf52840_xxaa_s140/app_error_weak.c.o
LOAD _build/nrf52840_xxaa_s140/app_scheduler.c.o
LOAD _build/nrf52840_xxaa_s140/app_util_platform.c.o
LOAD _build/nrf52840_xxaa_s140/crc32.c.o
LOAD _build/nrf52840_xxaa_s140/mem_manager.c.o
LOAD _build/nrf52840_xxaa_s140/nrf_assert.c.o
LOAD _build/nrf52840_xxaa_s140/nrf_atfifo.c.o
LOAD _build/nrf52840_xxaa_s140/nrf_atomic.c.o
LOAD _build/nrf52840_xxaa_s140/nrf_balloc.c.o
LOAD _build/nrf52840_xxaa_s140/nrf_fprintf.c.o
LOAD _build/nrf52840_xxaa_s140/nrf_fprintf_format.c.o
LOAD _build/nrf52840_xxaa_s140/nrf_fstorage.c.o
LOAD _build/nrf52840_xxaa_s140/nrf_fstorage_nvmc.c.o
LOAD _build/nrf52840_xxaa_s140/nrf_fstorage_sd.c.o
LOAD _build/nrf52840_xxaa_s140/nrf_memobj.c.o
LOAD _build/nrf52840_xxaa_s140/nrf_queue.c.o
LOAD _build/nrf52840_xxaa_s140/nrf_ringbuf.c.o
LOAD _build/nrf52840_xxaa_s140/nrf_section_iter.c.o
LOAD _build/nrf52840_xxaa_s140/nrf_strerror.c.o
LOAD _build/nrf52840_xxaa_s140/system_nrf52840.c.o
LOAD _build/nrf52840_xxaa_s140/cc310_bl_backend_ecc.c.o
LOAD _build/nrf52840_xxaa_s140/cc310_bl_backend_ecdsa.c.o
LOAD _build/nrf52840_xxaa_s140/cc310_bl_backend_hash.c.o
LOAD _build/nrf52840_xxaa_s140/cc310_bl_backend_init.c.o
LOAD _build/nrf52840_xxaa_s140/cc310_bl_backend_shared.c.o
LOAD _build/nrf52840_xxaa_s140/boards.c.o
LOAD _build/nrf52840_xxaa_s140/nrf_sdh.c.o
LOAD _build/nrf52840_xxaa_s140/nrf_sdh_ble.c.o
LOAD _build/nrf52840_xxaa_s140/nrf_sdh_soc.c.o
LOAD _build/nrf52840_xxaa_s140/nrf_nvmc.c.o
LOAD _build/nrf52840_xxaa_s140/nrfx_atomic.c.o
LOAD _build/nrf52840_xxaa_s140/nrf_crypto_ecc.c.o
LOAD _build/nrf52840_xxaa_s140/nrf_crypto_ecdsa.c.o
LOAD _build/nrf52840_xxaa_s140/nrf_crypto_hash.c.o
LOAD _build/nrf52840_xxaa_s140/nrf_crypto_init.c.o
LOAD _build/nrf52840_xxaa_s140/nrf_crypto_shared.c.o
LOAD _build/nrf52840_xxaa_s140/dfu_public_key.c.o
LOAD _build/nrf52840_xxaa_s140/main.c.o
LOAD _build/nrf52840_xxaa_s140/nrf_dfu_svci.c.o
LOAD _build/nrf52840_xxaa_s140/nrf_dfu_svci_handler.c.o
LOAD _build/nrf52840_xxaa_s140/nrf_svc_handler.c.o
LOAD _build/nrf52840_xxaa_s140/ble_srv_common.c.o
LOAD _build/nrf52840_xxaa_s140/nrf_bootloader.c.o
LOAD _build/nrf52840_xxaa_s140/nrf_bootloader_app_start.c.o
LOAD _build/nrf52840_xxaa_s140/nrf_bootloader_app_start_final.c.o
LOAD _build/nrf52840_xxaa_s140/nrf_bootloader_dfu_timers.c.o
LOAD _build/nrf52840_xxaa_s140/nrf_bootloader_fw_activation.c.o
LOAD _build/nrf52840_xxaa_s140/nrf_bootloader_info.c.o
LOAD _build/nrf52840_xxaa_s140/nrf_bootloader_wdt.c.o
LOAD _build/nrf52840_xxaa_s140/pb_common.c.o
LOAD _build/nrf52840_xxaa_s140/pb_decode.c.o
LOAD _build/nrf52840_xxaa_s140/dfu-cc.pb.c.o
LOAD _build/nrf52840_xxaa_s140/nrf_dfu.c.o
LOAD _build/nrf52840_xxaa_s140/nrf_dfu_ble.c.o
LOAD _build/nrf52840_xxaa_s140/nrf_dfu_flash.c.o
LOAD _build/nrf52840_xxaa_s140/nrf_dfu_handling_error.c.o
LOAD _build/nrf52840_xxaa_s140/nrf_dfu_mbr.c.o
LOAD _build/nrf52840_xxaa_s140/nrf_dfu_req_handler.c.o
LOAD _build/nrf52840_xxaa_s140/nrf_dfu_settings.c.o
LOAD _build/nrf52840_xxaa_s140/nrf_dfu_settings_svci.c.o
LOAD _build/nrf52840_xxaa_s140/nrf_dfu_transport.c.o
LOAD _build/nrf52840_xxaa_s140/nrf_dfu_utils.c.o
LOAD _build/nrf52840_xxaa_s140/nrf_dfu_validation.c.o
LOAD _build/nrf52840_xxaa_s140/nrf_dfu_ver_validation.c.o
LOAD _build/nrf52840_xxaa_s140/oberon_backend_chacha_poly_aead.c.o
LOAD _build/nrf52840_xxaa_s140/oberon_backend_ecc.c.o
LOAD _build/nrf52840_xxaa_s140/oberon_backend_ecdh.c.o
LOAD _build/nrf52840_xxaa_s140/oberon_backend_ecdsa.c.o
LOAD _build/nrf52840_xxaa_s140/oberon_backend_eddsa.c.o
LOAD _build/nrf52840_xxaa_s140/oberon_backend_hash.c.o
LOAD _build/nrf52840_xxaa_s140/oberon_backend_hmac.c.o
LOAD ../../../../../external/nrf_oberon/lib/cortex-m4/hard-float/liboberon_3.0.8.a
LOAD ../../../../../external/nrf_cc310_bl/lib/cortex-m4/hard-float/libnrf_cc310_bl_0.9.13.a
LOAD /usr/lib/gcc/arm-none-eabi/10.3.1/../../../arm-none-eabi/lib/thumb/v7e-m+fp/hard/libc_nano.a
LOAD /usr/lib/gcc/arm-none-eabi/10.3.1/../../../arm-none-eabi/lib/thumb/v7e-m+fp/hard/libnosys.a
LOAD /usr/lib/gcc/arm-none-eabi/10.3.1/../../../arm-none-eabi/lib/thumb/v7e-m+fp/hard/libm.a
START GROUP
LOAD /usr/lib/gcc/arm-none-eabi/10.3.1/thumb/v7e-m+fp/hard/libgcc.a
LOAD /usr/lib/gcc/arm-none-eabi/10.3.1/../../../arm-none-eabi/lib/thumb/v7e-m+fp/hard/libg_nano.a
LOAD /usr/lib/gcc/arm-none-eabi/10.3.1/../../../arm-none-eabi/lib/thumb/v7e-m+fp/hard/libc_nano.a
END GROUP
START GROUP
LOAD /usr/lib/gcc/arm-none-eabi/10.3.1/thumb/v7e-m+fp/hard/libgcc.a
LOAD /usr/lib/gcc/arm-none-eabi/10.3.1/../../../arm-none-eabi/lib/thumb/v7e-m+fp/hard/libc_nano.a
END GROUP
LOAD /usr/lib/gcc/arm-none-eabi/10.3.1/thumb/v7e-m+fp/hard/crtend.o
LOAD /usr/lib/gcc/arm-none-eabi/10.3.1/thumb/v7e-m+fp/hard/crtn.o
START GROUP
LOAD /usr/lib/gcc/arm-none-eabi/10.3.1/thumb/v7e-m+fp/hard/libgcc.a
LOAD /usr/lib/gcc/arm-none-eabi/10.3.1/../../../arm-none-eabi/lib/thumb/v7e-m+fp/hard/libc.a
LOAD /usr/lib/gcc/arm-none-eabi/10.3.1/../../../arm-none-eabi/lib/thumb/v7e-m+fp/hard/libnosys.a
END GROUP

.tm_clone_table
                0x0000000020005a10        0x0 load address 0x00000000000fdd60
 .tm_clone_table
                0x0000000020005a10        0x0 /usr/lib/gcc/arm-none-eabi/10.3.1/thumb/v7e-m+fp/hard/crtbegin.o
 .tm_clone_table
                0x0000000020005a10        0x0 /usr/lib/gcc/arm-none-eabi/10.3.1/thumb/v7e-m+fp/hard/crtend.o

.igot.plt       0x0000000020005a10        0x0 load address 0x00000000000fdd60
 .igot.plt      0x0000000020005a10        0x0 /usr/lib/gcc/arm-none-eabi/10.3.1/thumb/v7e-m+fp/hard/crtbegin.o
                0x0000000020005a10                . = ALIGN (0x4)

.uicr_bootloader_start_address
                0x0000000010001014        0x4
                [!provide]                        PROVIDE (__start_uicr_bootloader_start_address = .)
 *(SORT_BY_NAME(.uicr_bootloader_start_address*))
 .uicr_bootloader_start_address
                0x0000000010001014        0x4 /tmp/nrf52840_xxaa_s140.out.rCGGXd.ltrans0.ltrans.o
                [!provide]                        PROVIDE (__stop_uicr_bootloader_start_address = .)
                0x0000000010001018                . = ALIGN (0x4)

.bootloader_settings_page
                0x00000000000ff000     0x1000
                [!provide]                        PROVIDE (__start_bootloader_settings_page = .)
 *(SORT_BY_NAME(.bootloader_settings_page*))
 .bootloader_settings_page
                0x00000000000ff000     0x1000 /tmp/nrf52840_xxaa_s140.out.rCGGXd.ltrans0.ltrans.o
                0x00000000000ff000                m_dfu_settings_buffer
                [!provide]                        PROVIDE (__stop_bootloader_settings_page = .)
                0x0000000000100000                . = ALIGN (0x4)

.uicr_mbr_params_page
                0x0000000010001018        0x4
                [!provide]                        PROVIDE (__start_uicr_mbr_params_page = .)
 *(SORT_BY_NAME(.uicr_mbr_params_page*))
 .uicr_mbr_params_page
                0x0000000010001018        0x4 /tmp/nrf52840_xxaa_s140.out.rCGGXd.ltrans0.ltrans.o
                0x0000000010001018                m_uicr_mbr_params_page_address
                [!provide]                        PROVIDE (__stop_uicr_mbr_params_page = .)

.rel.dyn        0x000000001000101c        0x0
 .rel.iplt      0x000000001000101c        0x0 /usr/lib/gcc/arm-none-eabi/10.3.1/thumb/v7e-m+fp/hard/crtbegin.o
                0x000000001000101c                . = ALIGN (0x4)

.mbr_params_page
                0x00000000000fe000     0x1000
                [!provide]                        PROVIDE (__start_mbr_params_page = .)
 *(SORT_BY_NAME(.mbr_params_page*))
 .mbr_params_page
                0x00000000000fe000     0x1000 /tmp/nrf52840_xxaa_s140.out.rCGGXd.ltrans0.ltrans.o
                0x00000000000fe000                m_mbr_params_page
                [!provide]                        PROVIDE (__stop_mbr_params_page = .)
                0x00000000000ff000                . = ALIGN (0x4)

.mem_section_dummy_ram

.log_dynamic_data
                0x0000000020005a10        0x0
                [!provide]                        PROVIDE (__start_log_dynamic_data = .)
 *(SORT_BY_NAME(.log_dynamic_data*))
                [!provide]                        PROVIDE (__stop_log_dynamic_data = .)

.log_filter_data
                0x0000000020005a10        0x0
                [!provide]                        PROVIDE (__start_log_filter_data = .)
 *(SORT_BY_NAME(.log_filter_data*))
                [!provide]                        PROVIDE (__stop_log_filter_data = .)

.fs_data        0x0000000020005a10       0x14 load address 0x00000000000fdd60
                0x0000000020005a10                PROVIDE (__start_fs_data = .)
 *(.fs_data)
 .fs_data       0x0000000020005a10       0x14 /tmp/nrf52840_xxaa_s140.out.rCGGXd.ltrans0.ltrans.o
                0x0000000020005a10                m_fs
                0x0000000020005a24                PROVIDE (__stop_fs_data = .)

.bss            0x0000000020005a24     0x3664 load address 0x00000000000fdd74
                0x0000000020005a24                . = ALIGN (0x4)
                0x0000000020005a24                __bss_start__ = .
 *(.bss*)
 .bss           0x0000000020005a24       0x1c /usr/lib/gcc/arm-none-eabi/10.3.1/thumb/v7e-m+fp/hard/crtbegin.o
 .bss           0x0000000020005a40     0x35b4 /tmp/nrf52840_xxaa_s140.out.rCGGXd.ltrans0.ltrans.o
 .bss.m_hal_irr
                0x0000000020008ff4        0x4 ../../../../../external/nrf_cc310_bl/lib/cortex-m4/hard-float/libnrf_cc310_bl_0.9.13.a(ssi_hal.c.obj)
 .bss           0x0000000020008ff8       0x8c /usr/lib/gcc/arm-none-eabi/10.3.1/../../../arm-none-eabi/lib/thumb/v7e-m+fp/hard/libc_nano.a(lib_a-__atexit.o)
 .bss           0x0000000020009084        0x4 /usr/lib/gcc/arm-none-eabi/10.3.1/../../../arm-none-eabi/lib/thumb/v7e-m+fp/hard/libc_nano.a(lib_a-__call_atexit.o)
                0x0000000020009084                _global_atexit
 *(COMMON)
                0x0000000020009088                . = ALIGN (0x4)
                0x0000000020009088                __bss_end__ = .

.heap           0x0000000020009088        0x0
                0x0000000020009088                __HeapBase = .
                0x0000000020009088                __end__ = .
                [!provide]                        PROVIDE (end = .)
 *(.heap*)
 .heap          0x0000000020009088        0x0 _build/nrf52840_xxaa_s140/gcc_startup_nrf52840.S.o
                0x0000000020009088                __HeapLimit = .

.stack_dummy    0x0000000020009088     0x4000
 *(.stack*)
 .stack         0x0000000020009088     0x4000 _build/nrf52840_xxaa_s140/gcc_startup_nrf52840.S.o
                0x0000000020040000                __StackTop = (ORIGIN (RAM) + LENGTH (RAM))
                0x000000002003c000                __StackLimit = (__StackTop - SIZEOF (.stack_dummy))
                0x0000000020040000                PROVIDE (__stack = __StackTop)
                0x0000000000000001                ASSERT ((__StackLimit >= __HeapLimit), region RAM overflowed with stack)
                0x00000000000000ac                DataInitFlashUsed = (__bss_start__ - __data_start__)
                0x0000000000005cc8                CodeFlashUsed = (__etext - ORIGIN (FLASH))
                0x0000000000005d74                TotalFlashUsed = (CodeFlashUsed + DataInitFlashUsed)
                0x0000000000000001                ASSERT ((TotalFlashUsed <= LENGTH (FLASH)), region FLASH overflowed with .data and user data)
OUTPUT(_build/nrf52840_xxaa_s140.out elf32-littlearm)
LOAD linker stubs

.ARM.attributes
                0x0000000000000000       0x30
 .ARM.attributes
                0x0000000000000000       0x1e /usr/lib/gcc/arm-none-eabi/10.3.1/thumb/v7e-m+fp/hard/crti.o
 .ARM.attributes
                0x000000000000001e       0x34 /usr/lib/gcc/arm-none-eabi/10.3.1/thumb/v7e-m+fp/hard/crtbegin.o
 .ARM.attributes
                0x0000000000000052       0x1c /usr/lib/gcc/arm-none-eabi/10.3.1/../../../arm-none-eabi/lib/thumb/v7e-m+fp/hard/crt0.o
 .ARM.attributes
                0x000000000000006e       0x20 _build/nrf52840_xxaa_s140/gcc_startup_nrf52840.S.o
 .ARM.attributes
                0x000000000000008e       0x32 /tmp/nrf52840_xxaa_s140.out.rCGGXd.ltrans0.ltrans.o
 .ARM.attributes
                0x00000000000000c0       0x34 ../../../../../external/nrf_cc310_bl/lib/cortex-m4/hard-float/libnrf_cc310_bl_0.9.13.a(nrf_cc310_bl_ecdsa_verify_secp256r1.c.obj)
 .ARM.attributes
                0x00000000000000f4       0x34 ../../../../../external/nrf_cc310_bl/lib/cortex-m4/hard-float/libnrf_cc310_bl_0.9.13.a(nrf_cc310_bl_hash_sha256.c.obj)
 .ARM.attributes
                0x0000000000000128       0x34 ../../../../../external/nrf_cc310_bl/lib/cortex-m4/hard-float/libnrf_cc310_bl_0.9.13.a(nrf_cc310_bl_init.c.obj)
 .ARM.attributes
                0x000000000000015c       0x34 ../../../../../external/nrf_cc310_bl/lib/cortex-m4/hard-float/libnrf_cc310_bl_0.9.13.a(pka.c.obj)
 .ARM.attributes
                0x0000000000000190       0x34 ../../../../../external/nrf_cc310_bl/lib/cortex-m4/hard-float/libnrf_cc310_bl_0.9.13.a(pka_ec_wrst_dsa_verify.c.obj)
 .ARM.attributes
                0x00000000000001c4       0x34 ../../../../../external/nrf_cc310_bl/lib/cortex-m4/hard-float/libnrf_cc310_bl_0.9.13.a(ssi_pal_mem.c.obj)
 .ARM.attributes
                0x00000000000001f8       0x34 ../../../../../external/nrf_cc310_bl/lib/cortex-m4/hard-float/libnrf_cc310_bl_0.9.13.a(crys_common_conv_endian.c.obj)
 .ARM.attributes
                0x000000000000022c       0x34 ../../../../../external/nrf_cc310_bl/lib/cortex-m4/hard-float/libnrf_cc310_bl_0.9.13.a(nrf_cc310_bl_hash.c.obj)
 .ARM.attributes
                0x0000000000000260       0x34 ../../../../../external/nrf_cc310_bl/lib/cortex-m4/hard-float/libnrf_cc310_bl_0.9.13.a(pka_ec_wrst.c.obj)
 .ARM.attributes
                0x0000000000000294       0x34 ../../../../../external/nrf_cc310_bl/lib/cortex-m4/hard-float/libnrf_cc310_bl_0.9.13.a(ssi_hal.c.obj)
 .ARM.attributes
                0x00000000000002c8       0x34 /usr/lib/gcc/arm-none-eabi/10.3.1/../../../arm-none-eabi/lib/thumb/v7e-m+fp/hard/libc_nano.a(lib_a-atexit.o)
 .ARM.attributes
                0x00000000000002fc       0x34 /usr/lib/gcc/arm-none-eabi/10.3.1/../../../arm-none-eabi/lib/thumb/v7e-m+fp/hard/libc_nano.a(lib_a-exit.o)
 .ARM.attributes
                0x0000000000000330       0x34 /usr/lib/gcc/arm-none-eabi/10.3.1/../../../arm-none-eabi/lib/thumb/v7e-m+fp/hard/libc_nano.a(lib_a-fini.o)
 .ARM.attributes
                0x0000000000000364       0x32 /usr/lib/gcc/arm-none-eabi/10.3.1/../../../arm-none-eabi/lib/thumb/v7e-m+fp/hard/libc_nano.a(lib_a-impure.o)
 .ARM.attributes
                0x0000000000000396       0x34 /usr/lib/gcc/arm-none-eabi/10.3.1/../../../arm-none-eabi/lib/thumb/v7e-m+fp/hard/libc_nano.a(lib_a-init.o)
 .ARM.attributes
                0x00000000000003ca       0x34 /usr/lib/gcc/arm-none-eabi/10.3.1/../../../arm-none-eabi/lib/thumb/v7e-m+fp/hard/libc_nano.a(lib_a-memcmp.o)
 .ARM.attributes
                0x00000000000003fe       0x1c /usr/lib/gcc/arm-none-eabi/10.3.1/../../../arm-none-eabi/lib/thumb/v7e-m+fp/hard/libc_nano.a(lib_a-memcpy.o)
 .ARM.attributes
                0x000000000000041a       0x34 /usr/lib/gcc/arm-none-eabi/10.3.1/../../../arm-none-eabi/lib/thumb/v7e-m+fp/hard/libc_nano.a(lib_a-memset.o)
 .ARM.attributes
                0x000000000000044e       0x1c /usr/lib/gcc/arm-none-eabi/10.3.1/../../../arm-none-eabi/lib/thumb/v7e-m+fp/hard/libc_nano.a(lib_a-strlen.o)
 .ARM.attributes
                0x000000000000046a       0x34 /usr/lib/gcc/arm-none-eabi/10.3.1/../../../arm-none-eabi/lib/thumb/v7e-m+fp/hard/libc_nano.a(lib_a-__atexit.o)
 .ARM.attributes
                0x000000000000049e       0x34 /usr/lib/gcc/arm-none-eabi/10.3.1/../../../arm-none-eabi/lib/thumb/v7e-m+fp/hard/libc_nano.a(lib_a-__call_atexit.o)
 .ARM.attributes
                0x00000000000004d2       0x34 /usr/lib/gcc/arm-none-eabi/10.3.1/../../../arm-none-eabi/lib/thumb/v7e-m+fp/hard/libnosys.a(_exit.o)
 .ARM.attributes
                0x0000000000000506       0x32 /usr/lib/gcc/arm-none-eabi/10.3.1/thumb/v7e-m+fp/hard/crtend.o
 .ARM.attributes
                0x0000000000000538       0x1e /usr/lib/gcc/arm-none-eabi/10.3.1/thumb/v7e-m+fp/hard/crtn.o

.comment        0x0000000000000000       0xac
 .comment       0x0000000000000000       0x33 /usr/lib/gcc/arm-none-eabi/10.3.1/thumb/v7e-m+fp/hard/crtbegin.o
                                         0x34 (size before relaxing)
 .comment       0x0000000000000033       0x34 /tmp/nrf52840_xxaa_s140.out.rCGGXd.ltrans0.ltrans.o
 .comment       0x0000000000000033       0x79 ../../../../../external/nrf_cc310_bl/lib/cortex-m4/hard-float/libnrf_cc310_bl_0.9.13.a(nrf_cc310_bl_ecdsa_verify_secp256r1.c.obj)
                                         0x7a (size before relaxing)
 .comment       0x00000000000000ac       0x7a ../../../../../external/nrf_cc310_bl/lib/cortex-m4/hard-float/libnrf_cc310_bl_0.9.13.a(nrf_cc310_bl_hash_sha256.c.obj)
 .comment       0x00000000000000ac       0x7a ../../../../../external/nrf_cc310_bl/lib/cortex-m4/hard-float/libnrf_cc310_bl_0.9.13.a(nrf_cc310_bl_init.c.obj)
 .comment       0x00000000000000ac       0x7a ../../../../../external/nrf_cc310_bl/lib/cortex-m4/hard-float/libnrf_cc310_bl_0.9.13.a(pka.c.obj)
 .comment       0x00000000000000ac       0x7a ../../../../../external/nrf_cc310_bl/lib/cortex-m4/hard-float/libnrf_cc310_bl_0.9.13.a(pka_ec_wrst_dsa_verify.c.obj)
 .comment       0x00000000000000ac       0x7a ../../../../../external/nrf_cc310_bl/lib/cortex-m4/hard-float/libnrf_cc310_bl_0.9.13.a(ssi_pal_mem.c.obj)
 .comment       0x00000000000000ac       0x7a ../../../../../external/nrf_cc310_bl/lib/cortex-m4/hard-float/libnrf_cc310_bl_0.9.13.a(crys_common_conv_endian.c.obj)
 .comment       0x00000000000000ac       0x7a ../../../../../external/nrf_cc310_bl/lib/cortex-m4/hard-float/libnrf_cc310_bl_0.9.13.a(nrf_cc310_bl_hash.c.obj)
 .comment       0x00000000000000ac       0x7a ../../../../../external/nrf_cc310_bl/lib/cortex-m4/hard-float/libnrf_cc310_bl_0.9.13.a(pka_ec_wrst.c.obj)
 .comment       0x00000000000000ac       0x7a ../../../../../external/nrf_cc310_bl/lib/cortex-m4/hard-float/libnrf_cc310_bl_0.9.13.a(ssi_hal.c.obj)
 .comment       0x00000000000000ac       0x34 /usr/lib/gcc/arm-none-eabi/10.3.1/../../../arm-none-eabi/lib/thumb/v7e-m+fp/hard/libc_nano.a(lib_a-atexit.o)
 .comment       0x00000000000000ac       0x34 /usr/lib/gcc/arm-none-eabi/10.3.1/../../../arm-none-eabi/lib/thumb/v7e-m+fp/hard/libc_nano.a(lib_a-exit.o)
 .comment       0x00000000000000ac       0x34 /usr/lib/gcc/arm-none-eabi/10.3.1/../../../arm-none-eabi/lib/thumb/v7e-m+fp/hard/libc_nano.a(lib_a-fini.o)
 .comment       0x00000000000000ac       0x34 /usr/lib/gcc/arm-none-eabi/10.3.1/../../../arm-none-eabi/lib/thumb/v7e-m+fp/hard/libc_nano.a(lib_a-impure.o)
 .comment       0x00000000000000ac       0x34 /usr/lib/gcc/arm-none-eabi/10.3.1/../../../arm-none-eabi/lib/thumb/v7e-m+fp/hard/libc_nano.a(lib_a-init.o)
 .comment       0x00000000000000ac       0x34 /usr/lib/gcc/arm-none-eabi/10.3.1/../../../arm-none-eabi/lib/thumb/v7e-m+fp/hard/libc_nano.a(lib_a-memcmp.o)
 .comment       0x00000000000000ac       0x34 /usr/lib/gcc/arm-none-eabi/10.3.1/../../../arm-none-eabi/lib/thumb/v7e-m+fp/hard/libc_nano.a(lib_a-memset.o)
 .comment       0x00000000000000ac       0x34 /usr/lib/gcc/arm-none-eabi/10.3.1/../../../arm-none-eabi/lib/thumb/v7e-m+fp/hard/libc_nano.a(lib_a-__atexit.o)
 .comment       0x00000000000000ac       0x34 /usr/lib/gcc/arm-none-eabi/10.3.1/../../../arm-none-eabi/lib/thumb/v7e-m+fp/hard/libc_nano.a(lib_a-__call_atexit.o)
 .comment       0x00000000000000ac       0x34 /usr/lib/gcc/arm-none-eabi/10.3.1/../../../arm-none-eabi/lib/thumb/v7e-m+fp/hard/libnosys.a(_exit.o)
 .comment       0x00000000000000ac       0x34 /usr/lib/gcc/arm-none-eabi/10.3.1/thumb/v7e-m+fp/hard/crtend.o

.debug_line     0x0000000000000000    0x1eeac
 .debug_line    0x0000000000000000       0x87 /usr/lib/gcc/arm-none-eabi/10.3.1/../../../arm-none-eabi/lib/thumb/v7e-m+fp/hard/crt0.o
 .debug_line    0x0000000000000087       0x86 _build/nrf52840_xxaa_s140/gcc_startup_nrf52840.S.o
 .debug_line    0x000000000000010d     0x6ff1 /tmp/nrf52840_xxaa_s140.out.rCGGXd.ltrans0.ltrans.o
 .debug_line    0x00000000000070fe      0x50b /tmp/cc1kZfvR.debug.temp.o
 .debug_line    0x0000000000007609      0x405 /tmp/ccjVcvG2.debug.temp.o
 .debug_line    0x0000000000007a0e      0x437 /tmp/ccUCEsKR.debug.temp.o
 .debug_line    0x0000000000007e45      0x537 /tmp/ccWKTJ1o.debug.temp.o
 .debug_line    0x000000000000837c      0x443 /tmp/ccgPXuRa.debug.temp.o
 .debug_line    0x00000000000087bf      0x5d9 /tmp/ccQhMGND.debug.temp.o
 .debug_line    0x0000000000008d98      0x51f /tmp/cc1tFIlC.debug.temp.o
 .debug_line    0x00000000000092b7      0x769 /tmp/ccvRUFLd.debug.temp.o
 .debug_line    0x0000000000009a20      0x683 /tmp/ccObgdrz.debug.temp.o
 .debug_line    0x000000000000a0a3      0x45a /tmp/ccM9HmsW.debug.temp.o
 .debug_line    0x000000000000a4fd      0x273 /tmp/ccTagao8.debug.temp.o
 .debug_line    0x000000000000a770      0x7c7 /tmp/ccPRkzWl.debug.temp.o
 .debug_line    0x000000000000af37      0x916 /tmp/ccUwfm0H.debug.temp.o
 .debug_line    0x000000000000b84d      0x899 /tmp/ccU2w8jY.debug.temp.o
 .debug_line    0x000000000000c0e6      0x6f6 /tmp/ccepUN4W.debug.temp.o
 .debug_line    0x000000000000c7dc      0x4b2 /tmp/ccPRP1hw.debug.temp.o
 .debug_line    0x000000000000cc8e      0x675 /tmp/cc6xcG4n.debug.temp.o
 .debug_line    0x000000000000d303      0x60a /tmp/ccupS1CK.debug.temp.o
 .debug_line    0x000000000000d90d      0x683 /tmp/ccuQ2GfQ.debug.temp.o
 .debug_line    0x000000000000df90      0x5da /tmp/ccIN88y3.debug.temp.o
 .debug_line    0x000000000000e56a      0x63c /tmp/ccYfozlL.debug.temp.o
 .debug_line    0x000000000000eba6      0x7aa /tmp/ccYv0bKH.debug.temp.o
 .debug_line    0x000000000000f350      0x89e /tmp/ccmT2nY6.debug.temp.o
 .debug_line    0x000000000000fbee      0x75f /tmp/ccRKu9Km.debug.temp.o
 .debug_line    0x000000000001034d      0x499 /tmp/ccTlT3CE.debug.temp.o
 .debug_line    0x00000000000107e6      0x4b6 /tmp/ccrPYxba.debug.temp.o
 .debug_line    0x0000000000010c9c       0xab /tmp/cckktyIv.debug.temp.o
 .debug_line    0x0000000000010d47      0x9cd /tmp/cc9bhpzU.debug.temp.o
 .debug_line    0x0000000000011714      0x90f /tmp/ccjXCxTp.debug.temp.o
 .debug_line    0x0000000000012023      0x32b /tmp/cc3qg8Lw.debug.temp.o
 .debug_line    0x000000000001234e      0x4db /tmp/ccGcytfT.debug.temp.o
 .debug_line    0x0000000000012829      0xad1 /tmp/cc3rC82G.debug.temp.o
 .debug_line    0x00000000000132fa      0x622 /tmp/ccAGMDDS.debug.temp.o
 .debug_line    0x000000000001391c      0x72f /tmp/ccJhiWVx.debug.temp.o
 .debug_line    0x000000000001404b      0x815 /tmp/ccznFb5L.debug.temp.o
 .debug_line    0x0000000000014860      0x7ac /tmp/ccNZsm6z.debug.temp.o
 .debug_line    0x000000000001500c      0x77f /tmp/cckNmkIH.debug.temp.o
 .debug_line    0x000000000001578b      0x82a /tmp/ccFOcpVZ.debug.temp.o
 .debug_line    0x0000000000015fb5      0x1b1 /tmp/cc4v3zcj.debug.temp.o
 .debug_line    0x0000000000016166      0x1c0 /tmp/ccYA19uW.debug.temp.o
 .debug_line    0x0000000000016326      0x1e4 /tmp/ccMITjfw.debug.temp.o
 .debug_line    0x000000000001650a      0x68a /tmp/cc2tOyzo.debug.temp.o
 .debug_line    0x0000000000016b94      0xa57 /tmp/ccdt1HC4.debug.temp.o
 .debug_line    0x00000000000175eb      0x6ab /tmp/ccCUZM8Z.debug.temp.o
 .debug_line    0x0000000000017c96      0x67e /tmp/ccP6FdjI.debug.temp.o
 .debug_line    0x0000000000018314      0x6a4 /tmp/ccCzQkOQ.debug.temp.o
 .debug_line    0x00000000000189b8     0x12f4 /tmp/ccunbWd9.debug.temp.o
 .debug_line    0x0000000000019cac      0x861 /tmp/cccHbIWC.debug.temp.o
 .debug_line    0x000000000001a50d      0x866 /tmp/ccbV20x3.debug.temp.o
 .debug_line    0x000000000001ad73      0x648 /tmp/ccLQsGMR.debug.temp.o
 .debug_line    0x000000000001b3bb      0x78a /tmp/cckl4avz.debug.temp.o
 .debug_line    0x000000000001bb45     0x1324 /tmp/ccQnPvvp.debug.temp.o
 .debug_line    0x000000000001ce69     0x121b /tmp/ccADxH2n.debug.temp.o
 .debug_line    0x000000000001e084       0xc0 /usr/lib/gcc/arm-none-eabi/10.3.1/../../../arm-none-eabi/lib/thumb/v7e-m+fp/hard/libc_nano.a(lib_a-atexit.o)
 .debug_line    0x000000000001e144      0x16d /usr/lib/gcc/arm-none-eabi/10.3.1/../../../arm-none-eabi/lib/thumb/v7e-m+fp/hard/libc_nano.a(lib_a-exit.o)
 .debug_line    0x000000000001e2b1       0xed /usr/lib/gcc/arm-none-eabi/10.3.1/../../../arm-none-eabi/lib/thumb/v7e-m+fp/hard/libc_nano.a(lib_a-fini.o)
 .debug_line    0x000000000001e39e       0xe4 /usr/lib/gcc/arm-none-eabi/10.3.1/../../../arm-none-eabi/lib/thumb/v7e-m+fp/hard/libc_nano.a(lib_a-impure.o)
 .debug_line    0x000000000001e482      0x138 /usr/lib/gcc/arm-none-eabi/10.3.1/../../../arm-none-eabi/lib/thumb/v7e-m+fp/hard/libc_nano.a(lib_a-init.o)
 .debug_line    0x000000000001e5ba      0x17a /usr/lib/gcc/arm-none-eabi/10.3.1/../../../arm-none-eabi/lib/thumb/v7e-m+fp/hard/libc_nano.a(lib_a-memcmp.o)
 .debug_line    0x000000000001e734       0xbe /usr/lib/gcc/arm-none-eabi/10.3.1/../../../arm-none-eabi/lib/thumb/v7e-m+fp/hard/libc_nano.a(lib_a-memcpy.o)
 .debug_line    0x000000000001e7f2      0x1bf /usr/lib/gcc/arm-none-eabi/10.3.1/../../../arm-none-eabi/lib/thumb/v7e-m+fp/hard/libc_nano.a(lib_a-memset.o)
 .debug_line    0x000000000001e9b1       0xaf /usr/lib/gcc/arm-none-eabi/10.3.1/../../../arm-none-eabi/lib/thumb/v7e-m+fp/hard/libc_nano.a(lib_a-strlen.o)
 .debug_line    0x000000000001ea60      0x1ec /usr/lib/gcc/arm-none-eabi/10.3.1/../../../arm-none-eabi/lib/thumb/v7e-m+fp/hard/libc_nano.a(lib_a-__atexit.o)
 .debug_line    0x000000000001ec4c      0x1eb /usr/lib/gcc/arm-none-eabi/10.3.1/../../../arm-none-eabi/lib/thumb/v7e-m+fp/hard/libc_nano.a(lib_a-__call_atexit.o)
 .debug_line    0x000000000001ee37       0x75 /usr/lib/gcc/arm-none-eabi/10.3.1/../../../arm-none-eabi/lib/thumb/v7e-m+fp/hard/libnosys.a(_exit.o)

.debug_info     0x0000000000000000    0x28d0d
 .debug_info    0x0000000000000000       0x26 /usr/lib/gcc/arm-none-eabi/10.3.1/../../../arm-none-eabi/lib/thumb/v7e-m+fp/hard/crt0.o
 .debug_info    0x0000000000000026       0x26 _build/nrf52840_xxaa_s140/gcc_startup_nrf52840.S.o
 .debug_info    0x000000000000004c     0xa4dd /tmp/nrf52840_xxaa_s140.out.rCGGXd.ltrans0.ltrans.o
 .debug_info    0x000000000000a529      0x2ed /tmp/cc1kZfvR.debug.temp.o
                0x000000000000a529                app_scheduler.c.b4e880dc
 .debug_info    0x000000000000a816      0x74c /tmp/ccjVcvG2.debug.temp.o
                0x000000000000a816                app_util_platform.c.8734cabb
 .debug_info    0x000000000000af62       0xf6 /tmp/ccUCEsKR.debug.temp.o
                0x000000000000af62                crc32.c.5670edf6
 .debug_info    0x000000000000b058      0x597 /tmp/ccWKTJ1o.debug.temp.o
                0x000000000000b058                nrf_atfifo.c.50610b64
 .debug_info    0x000000000000b5ef      0x63c /tmp/ccgPXuRa.debug.temp.o
                0x000000000000b5ef                nrf_atomic.c.fe95115e
 .debug_info    0x000000000000bc2b      0x28a /tmp/ccQhMGND.debug.temp.o
                0x000000000000bc2b                nrf_balloc.c.18ae25f8
 .debug_info    0x000000000000beb5      0x68d /tmp/cc1tFIlC.debug.temp.o
                0x000000000000beb5                nrf_fstorage.c.603476b8
 .debug_info    0x000000000000c542      0x5bb /tmp/ccvRUFLd.debug.temp.o
                0x000000000000c542                nrf_fstorage_nvmc.c.2af042d9
 .debug_info    0x000000000000cafd      0xdda /tmp/ccObgdrz.debug.temp.o
                0x000000000000cafd                nrf_fstorage_sd.c.68e1ced9
 .debug_info    0x000000000000d8d7      0x170 /tmp/ccM9HmsW.debug.temp.o
                0x000000000000d8d7                nrf_section_iter.c.9e427c46
 .debug_info    0x000000000000da47     0x154a /tmp/ccTagao8.debug.temp.o
                0x000000000000da47                system_nrf52840.c.3dd15d4b
 .debug_info    0x000000000000ef91      0x2da /tmp/ccPRkzWl.debug.temp.o
                0x000000000000ef91                cc310_bl_backend_ecc.c.71432101
 .debug_info    0x000000000000f26b      0x420 /tmp/ccUwfm0H.debug.temp.o
                0x000000000000f26b                cc310_bl_backend_ecdsa.c.f612edea
 .debug_info    0x000000000000f68b      0x4f1 /tmp/ccU2w8jY.debug.temp.o
                0x000000000000f68b                cc310_bl_backend_hash.c.2841d553
 .debug_info    0x000000000000fb7c      0x270 /tmp/ccepUN4W.debug.temp.o
                0x000000000000fb7c                cc310_bl_backend_init.c.8ece6a87
 .debug_info    0x000000000000fdec      0x3d6 /tmp/ccPRP1hw.debug.temp.o
                0x000000000000fdec                cc310_bl_backend_shared.c.6aa1544b
 .debug_info    0x00000000000101c2      0x701 /tmp/cc6xcG4n.debug.temp.o
                0x00000000000101c2                boards.c.0a5ff928
 .debug_info    0x00000000000108c3      0xc2a /tmp/ccupS1CK.debug.temp.o
                0x00000000000108c3                nrf_sdh.c.aea1472f
 .debug_info    0x00000000000114ed     0x2246 /tmp/ccuQ2GfQ.debug.temp.o
                0x00000000000114ed                nrf_sdh_ble.c.d2f1fcaf
 .debug_info    0x0000000000013733      0x440 /tmp/ccIN88y3.debug.temp.o
                0x0000000000013733                nrf_sdh_soc.c.7dd82b74
 .debug_info    0x0000000000013b73      0x340 /tmp/ccYfozlL.debug.temp.o
                0x0000000000013b73                nrf_nvmc.c.7e98cefc
 .debug_info    0x0000000000013eb3     0x1361 /tmp/ccYv0bKH.debug.temp.o
                0x0000000000013eb3                nrf_crypto_ecc.c.ede4a216
 .debug_info    0x0000000000015214      0xe44 /tmp/ccmT2nY6.debug.temp.o
                0x0000000000015214                nrf_crypto_ecdsa.c.45c1528d
 .debug_info    0x0000000000016058      0x455 /tmp/ccRKu9Km.debug.temp.o
                0x0000000000016058                nrf_crypto_hash.c.b57d8eff
 .debug_info    0x00000000000164ad      0x1f9 /tmp/ccTlT3CE.debug.temp.o
                0x00000000000164ad                nrf_crypto_init.c.a84ecd89
 .debug_info    0x00000000000166a6      0x188 /tmp/ccrPYxba.debug.temp.o
                0x00000000000166a6                nrf_crypto_shared.c.7b45f34e
 .debug_info    0x000000000001682e       0x9a /tmp/cckktyIv.debug.temp.o
                0x000000000001682e                dfu_public_key.c.ebf0f787
 .debug_info    0x00000000000168c8      0x3f5 /tmp/cc9bhpzU.debug.temp.o
                0x00000000000168c8                main.c.5f83bbf1
 .debug_info    0x0000000000016cbd      0x301 /tmp/ccjXCxTp.debug.temp.o
                0x0000000000016cbd                nrf_dfu_svci_handler.c.98c802e5
 .debug_info    0x0000000000016fbe      0x198 /tmp/cc3qg8Lw.debug.temp.o
                0x0000000000016fbe                nrf_svc_handler.c.cbfbbb79
 .debug_info    0x0000000000017156      0xa1f /tmp/ccGcytfT.debug.temp.o
                0x0000000000017156                ble_srv_common.c.d713986a
 .debug_info    0x0000000000017b75     0x14f4 /tmp/cc3rC82G.debug.temp.o
                0x0000000000017b75                nrf_bootloader.c.c03503c3
 .debug_info    0x0000000000019069      0x21e /tmp/ccAGMDDS.debug.temp.o
                0x0000000000019069                nrf_bootloader_app_start.c.b92645d5
 .debug_info    0x0000000000019287      0x81e /tmp/ccJhiWVx.debug.temp.o
                0x0000000000019287                nrf_bootloader_app_start_final.c.24616998
 .debug_info    0x0000000000019aa5      0xf66 /tmp/ccznFb5L.debug.temp.o
                0x0000000000019aa5                nrf_bootloader_dfu_timers.c.386717bd
 .debug_info    0x000000000001aa0b      0x7f3 /tmp/ccNZsm6z.debug.temp.o
                0x000000000001aa0b                nrf_bootloader_fw_activation.c.99d9607c
 .debug_info    0x000000000001b1fe      0x3db /tmp/cckNmkIH.debug.temp.o
                0x000000000001b1fe                nrf_bootloader_info.c.9d610216
 .debug_info    0x000000000001b5d9      0x62f /tmp/ccFOcpVZ.debug.temp.o
                0x000000000001b5d9                nrf_bootloader_wdt.c.4e38626f
 .debug_info    0x000000000001bc08      0x26a /tmp/cc4v3zcj.debug.temp.o
                0x000000000001bc08                pb_common.c.49894eda
 .debug_info    0x000000000001be72     0x111b /tmp/ccYA19uW.debug.temp.o
                0x000000000001be72                pb_decode.c.39a519a7
 .debug_info    0x000000000001cf8d      0x637 /tmp/ccMITjfw.debug.temp.o
                0x000000000001cf8d                dfu_cc.pb.c.767d65ec
 .debug_info    0x000000000001d5c4      0x160 /tmp/cc2tOyzo.debug.temp.o
                0x000000000001d5c4                nrf_dfu.c.66a9523f
 .debug_info    0x000000000001d724     0x3c6e /tmp/ccdt1HC4.debug.temp.o
                0x000000000001d724                nrf_dfu_ble.c.ba975b80
 .debug_info    0x0000000000021392      0x4d5 /tmp/ccCUZM8Z.debug.temp.o
                0x0000000000021392                nrf_dfu_flash.c.996dc3a1
 .debug_info    0x0000000000021867      0x177 /tmp/ccP6FdjI.debug.temp.o
                0x0000000000021867                nrf_dfu_handling_error.c.7d49706c
 .debug_info    0x00000000000219de      0x306 /tmp/ccCzQkOQ.debug.temp.o
                0x00000000000219de                nrf_dfu_mbr.c.373b77f9
 .debug_info    0x0000000000021ce4     0x11d0 /tmp/ccunbWd9.debug.temp.o
                0x0000000000021ce4                nrf_dfu_req_handler.c.07ec6d47
 .debug_info    0x0000000000022eb4      0x886 /tmp/cccHbIWC.debug.temp.o
                0x0000000000022eb4                nrf_dfu_settings.c.e1fb6d51
 .debug_info    0x000000000002373a      0x805 /tmp/ccbV20x3.debug.temp.o
                0x000000000002373a                nrf_dfu_settings_svci.c.f60201d7
 .debug_info    0x0000000000023f3f      0x267 /tmp/ccLQsGMR.debug.temp.o
                0x0000000000023f3f                nrf_dfu_transport.c.fed67b98
 .debug_info    0x00000000000241a6      0x6e9 /tmp/cckl4avz.debug.temp.o
                0x00000000000241a6                nrf_dfu_utils.c.125dc28b
 .debug_info    0x000000000002488f     0x1e33 /tmp/ccQnPvvp.debug.temp.o
                0x000000000002488f                nrf_dfu_validation.c.cee743ca
 .debug_info    0x00000000000266c2      0xaa2 /tmp/ccADxH2n.debug.temp.o
                0x00000000000266c2                nrf_dfu_ver_validation.c.876b1d22
 .debug_info    0x0000000000027164      0x100 /usr/lib/gcc/arm-none-eabi/10.3.1/../../../arm-none-eabi/lib/thumb/v7e-m+fp/hard/libc_nano.a(lib_a-atexit.o)
 .debug_info    0x0000000000027264      0x81a /usr/lib/gcc/arm-none-eabi/10.3.1/../../../arm-none-eabi/lib/thumb/v7e-m+fp/hard/libc_nano.a(lib_a-exit.o)
 .debug_info    0x0000000000027a7e      0x102 /usr/lib/gcc/arm-none-eabi/10.3.1/../../../arm-none-eabi/lib/thumb/v7e-m+fp/hard/libc_nano.a(lib_a-fini.o)
 .debug_info    0x0000000000027b80      0x863 /usr/lib/gcc/arm-none-eabi/10.3.1/../../../arm-none-eabi/lib/thumb/v7e-m+fp/hard/libc_nano.a(lib_a-impure.o)
 .debug_info    0x00000000000283e3      0x11a /usr/lib/gcc/arm-none-eabi/10.3.1/../../../arm-none-eabi/lib/thumb/v7e-m+fp/hard/libc_nano.a(lib_a-init.o)
 .debug_info    0x00000000000284fd      0x138 /usr/lib/gcc/arm-none-eabi/10.3.1/../../../arm-none-eabi/lib/thumb/v7e-m+fp/hard/libc_nano.a(lib_a-memcmp.o)
 .debug_info    0x0000000000028635       0x26 /usr/lib/gcc/arm-none-eabi/10.3.1/../../../arm-none-eabi/lib/thumb/v7e-m+fp/hard/libc_nano.a(lib_a-memcpy.o)
 .debug_info    0x000000000002865b      0x137 /usr/lib/gcc/arm-none-eabi/10.3.1/../../../arm-none-eabi/lib/thumb/v7e-m+fp/hard/libc_nano.a(lib_a-memset.o)
 .debug_info    0x0000000000028792       0x26 /usr/lib/gcc/arm-none-eabi/10.3.1/../../../arm-none-eabi/lib/thumb/v7e-m+fp/hard/libc_nano.a(lib_a-strlen.o)
 .debug_info    0x00000000000287b8      0x269 /usr/lib/gcc/arm-none-eabi/10.3.1/../../../arm-none-eabi/lib/thumb/v7e-m+fp/hard/libc_nano.a(lib_a-__atexit.o)
 .debug_info    0x0000000000028a21      0x249 /usr/lib/gcc/arm-none-eabi/10.3.1/../../../arm-none-eabi/lib/thumb/v7e-m+fp/hard/libc_nano.a(lib_a-__call_atexit.o)
 .debug_info    0x0000000000028c6a       0xa3 /usr/lib/gcc/arm-none-eabi/10.3.1/../../../arm-none-eabi/lib/thumb/v7e-m+fp/hard/libnosys.a(_exit.o)

.debug_abbrev   0x0000000000000000     0x5f26
 .debug_abbrev  0x0000000000000000       0x14 /usr/lib/gcc/arm-none-eabi/10.3.1/../../../arm-none-eabi/lib/thumb/v7e-m+fp/hard/crt0.o
 .debug_abbrev  0x0000000000000014       0x14 _build/nrf52840_xxaa_s140/gcc_startup_nrf52840.S.o
 .debug_abbrev  0x0000000000000028      0x378 /tmp/nrf52840_xxaa_s140.out.rCGGXd.ltrans0.ltrans.o
 .debug_abbrev  0x00000000000003a0      0x142 /tmp/cc1kZfvR.debug.temp.o
 .debug_abbrev  0x00000000000004e2      0x20d /tmp/ccjVcvG2.debug.temp.o
 .debug_abbrev  0x00000000000006ef       0x80 /tmp/ccUCEsKR.debug.temp.o
 .debug_abbrev  0x000000000000076f      0x173 /tmp/ccWKTJ1o.debug.temp.o
 .debug_abbrev  0x00000000000008e2       0xd3 /tmp/ccgPXuRa.debug.temp.o
 .debug_abbrev  0x00000000000009b5      0x141 /tmp/ccQhMGND.debug.temp.o
 .debug_abbrev  0x0000000000000af6      0x157 /tmp/cc1tFIlC.debug.temp.o
 .debug_abbrev  0x0000000000000c4d      0x152 /tmp/ccvRUFLd.debug.temp.o
 .debug_abbrev  0x0000000000000d9f      0x286 /tmp/ccObgdrz.debug.temp.o
 .debug_abbrev  0x0000000000001025       0xa2 /tmp/ccM9HmsW.debug.temp.o
 .debug_abbrev  0x00000000000010c7      0x1cf /tmp/ccTagao8.debug.temp.o
 .debug_abbrev  0x0000000000001296      0x137 /tmp/ccPRkzWl.debug.temp.o
 .debug_abbrev  0x00000000000013cd      0x175 /tmp/ccUwfm0H.debug.temp.o
 .debug_abbrev  0x0000000000001542      0x166 /tmp/ccU2w8jY.debug.temp.o
 .debug_abbrev  0x00000000000016a8      0x191 /tmp/ccepUN4W.debug.temp.o
 .debug_abbrev  0x0000000000001839      0x117 /tmp/ccPRP1hw.debug.temp.o
 .debug_abbrev  0x0000000000001950      0x1ae /tmp/cc6xcG4n.debug.temp.o
 .debug_abbrev  0x0000000000001afe      0x26e /tmp/ccupS1CK.debug.temp.o
 .debug_abbrev  0x0000000000001d6c      0x280 /tmp/ccuQ2GfQ.debug.temp.o
 .debug_abbrev  0x0000000000001fec      0x12c /tmp/ccIN88y3.debug.temp.o
 .debug_abbrev  0x0000000000002118      0x135 /tmp/ccYfozlL.debug.temp.o
 .debug_abbrev  0x000000000000224d      0x166 /tmp/ccYv0bKH.debug.temp.o
 .debug_abbrev  0x00000000000023b3      0x171 /tmp/ccmT2nY6.debug.temp.o
 .debug_abbrev  0x0000000000002524      0x111 /tmp/ccRKu9Km.debug.temp.o
 .debug_abbrev  0x0000000000002635      0x10c /tmp/ccTlT3CE.debug.temp.o
 .debug_abbrev  0x0000000000002741       0x8a /tmp/ccrPYxba.debug.temp.o
 .debug_abbrev  0x00000000000027cb       0x65 /tmp/cckktyIv.debug.temp.o
 .debug_abbrev  0x0000000000002830      0x172 /tmp/cc9bhpzU.debug.temp.o
 .debug_abbrev  0x00000000000029a2      0x14f /tmp/ccjXCxTp.debug.temp.o
 .debug_abbrev  0x0000000000002af1       0xe6 /tmp/cc3qg8Lw.debug.temp.o
 .debug_abbrev  0x0000000000002bd7      0x194 /tmp/ccGcytfT.debug.temp.o
 .debug_abbrev  0x0000000000002d6b      0x2ff /tmp/cc3rC82G.debug.temp.o
 .debug_abbrev  0x000000000000306a       0xe7 /tmp/ccAGMDDS.debug.temp.o
 .debug_abbrev  0x0000000000003151      0x22f /tmp/ccJhiWVx.debug.temp.o
 .debug_abbrev  0x0000000000003380      0x24a /tmp/ccznFb5L.debug.temp.o
 .debug_abbrev  0x00000000000035ca      0x247 /tmp/ccNZsm6z.debug.temp.o
 .debug_abbrev  0x0000000000003811      0x10e /tmp/cckNmkIH.debug.temp.o
 .debug_abbrev  0x000000000000391f      0x1a9 /tmp/ccFOcpVZ.debug.temp.o
 .debug_abbrev  0x0000000000003ac8       0xe1 /tmp/cc4v3zcj.debug.temp.o
 .debug_abbrev  0x0000000000003ba9      0x260 /tmp/ccYA19uW.debug.temp.o
 .debug_abbrev  0x0000000000003e09       0xfd /tmp/ccMITjfw.debug.temp.o
 .debug_abbrev  0x0000000000003f06       0xaf /tmp/cc2tOyzo.debug.temp.o
 .debug_abbrev  0x0000000000003fb5      0x2fb /tmp/ccdt1HC4.debug.temp.o
 .debug_abbrev  0x00000000000042b0      0x153 /tmp/ccCUZM8Z.debug.temp.o
 .debug_abbrev  0x0000000000004403       0x9a /tmp/ccP6FdjI.debug.temp.o
 .debug_abbrev  0x000000000000449d      0x119 /tmp/ccCzQkOQ.debug.temp.o
 .debug_abbrev  0x00000000000045b6      0x28f /tmp/ccunbWd9.debug.temp.o
 .debug_abbrev  0x0000000000004845      0x29d /tmp/cccHbIWC.debug.temp.o
 .debug_abbrev  0x0000000000004ae2      0x1e5 /tmp/ccbV20x3.debug.temp.o
 .debug_abbrev  0x0000000000004cc7      0x115 /tmp/ccLQsGMR.debug.temp.o
 .debug_abbrev  0x0000000000004ddc      0x1ca /tmp/cckl4avz.debug.temp.o
 .debug_abbrev  0x0000000000004fa6      0x327 /tmp/ccQnPvvp.debug.temp.o
 .debug_abbrev  0x00000000000052cd      0x1f3 /tmp/ccADxH2n.debug.temp.o
 .debug_abbrev  0x00000000000054c0       0xb7 /usr/lib/gcc/arm-none-eabi/10.3.1/../../../arm-none-eabi/lib/thumb/v7e-m+fp/hard/libc_nano.a(lib_a-atexit.o)
 .debug_abbrev  0x0000000000005577      0x1ba /usr/lib/gcc/arm-none-eabi/10.3.1/../../../arm-none-eabi/lib/thumb/v7e-m+fp/hard/libc_nano.a(lib_a-exit.o)
 .debug_abbrev  0x0000000000005731       0xcf /usr/lib/gcc/arm-none-eabi/10.3.1/../../../arm-none-eabi/lib/thumb/v7e-m+fp/hard/libc_nano.a(lib_a-fini.o)
 .debug_abbrev  0x0000000000005800      0x151 /usr/lib/gcc/arm-none-eabi/10.3.1/../../../arm-none-eabi/lib/thumb/v7e-m+fp/hard/libc_nano.a(lib_a-impure.o)
 .debug_abbrev  0x0000000000005951       0xcc /usr/lib/gcc/arm-none-eabi/10.3.1/../../../arm-none-eabi/lib/thumb/v7e-m+fp/hard/libc_nano.a(lib_a-init.o)
 .debug_abbrev  0x0000000000005a1d       0x8d /usr/lib/gcc/arm-none-eabi/10.3.1/../../../arm-none-eabi/lib/thumb/v7e-m+fp/hard/libc_nano.a(lib_a-memcmp.o)
 .debug_abbrev  0x0000000000005aaa       0x14 /usr/lib/gcc/arm-none-eabi/10.3.1/../../../arm-none-eabi/lib/thumb/v7e-m+fp/hard/libc_nano.a(lib_a-memcpy.o)
 .debug_abbrev  0x0000000000005abe       0xb4 /usr/lib/gcc/arm-none-eabi/10.3.1/../../../arm-none-eabi/lib/thumb/v7e-m+fp/hard/libc_nano.a(lib_a-memset.o)
 .debug_abbrev  0x0000000000005b72       0x14 /usr/lib/gcc/arm-none-eabi/10.3.1/../../../arm-none-eabi/lib/thumb/v7e-m+fp/hard/libc_nano.a(lib_a-strlen.o)
 .debug_abbrev  0x0000000000005b86      0x1bd /usr/lib/gcc/arm-none-eabi/10.3.1/../../../arm-none-eabi/lib/thumb/v7e-m+fp/hard/libc_nano.a(lib_a-__atexit.o)
 .debug_abbrev  0x0000000000005d43      0x179 /usr/lib/gcc/arm-none-eabi/10.3.1/../../../arm-none-eabi/lib/thumb/v7e-m+fp/hard/libc_nano.a(lib_a-__call_atexit.o)
 .debug_abbrev  0x0000000000005ebc       0x6a /usr/lib/gcc/arm-none-eabi/10.3.1/../../../arm-none-eabi/lib/thumb/v7e-m+fp/hard/libnosys.a(_exit.o)

.debug_aranges  0x0000000000000000      0x1e0
 .debug_aranges
                0x0000000000000000       0x20 /usr/lib/gcc/arm-none-eabi/10.3.1/../../../arm-none-eabi/lib/thumb/v7e-m+fp/hard/crt0.o
 .debug_aranges
                0x0000000000000020       0x20 _build/nrf52840_xxaa_s140/gcc_startup_nrf52840.S.o
 .debug_aranges
                0x0000000000000040       0x28 /tmp/nrf52840_xxaa_s140.out.rCGGXd.ltrans0.ltrans.o
 .debug_aranges
                0x0000000000000068       0x20 /usr/lib/gcc/arm-none-eabi/10.3.1/../../../arm-none-eabi/lib/thumb/v7e-m+fp/hard/libc_nano.a(lib_a-atexit.o)
 .debug_aranges
                0x0000000000000088       0x20 /usr/lib/gcc/arm-none-eabi/10.3.1/../../../arm-none-eabi/lib/thumb/v7e-m+fp/hard/libc_nano.a(lib_a-exit.o)
 .debug_aranges
                0x00000000000000a8       0x20 /usr/lib/gcc/arm-none-eabi/10.3.1/../../../arm-none-eabi/lib/thumb/v7e-m+fp/hard/libc_nano.a(lib_a-fini.o)
 .debug_aranges
                0x00000000000000c8       0x18 /usr/lib/gcc/arm-none-eabi/10.3.1/../../../arm-none-eabi/lib/thumb/v7e-m+fp/hard/libc_nano.a(lib_a-impure.o)
 .debug_aranges
                0x00000000000000e0       0x20 /usr/lib/gcc/arm-none-eabi/10.3.1/../../../arm-none-eabi/lib/thumb/v7e-m+fp/hard/libc_nano.a(lib_a-init.o)
 .debug_aranges
                0x0000000000000100       0x20 /usr/lib/gcc/arm-none-eabi/10.3.1/../../../arm-none-eabi/lib/thumb/v7e-m+fp/hard/libc_nano.a(lib_a-memcmp.o)
 .debug_aranges
                0x0000000000000120       0x20 /usr/lib/gcc/arm-none-eabi/10.3.1/../../../arm-none-eabi/lib/thumb/v7e-m+fp/hard/libc_nano.a(lib_a-memcpy.o)
 .debug_aranges
                0x0000000000000140       0x20 /usr/lib/gcc/arm-none-eabi/10.3.1/../../../arm-none-eabi/lib/thumb/v7e-m+fp/hard/libc_nano.a(lib_a-memset.o)
 .debug_aranges
                0x0000000000000160       0x20 /usr/lib/gcc/arm-none-eabi/10.3.1/../../../arm-none-eabi/lib/thumb/v7e-m+fp/hard/libc_nano.a(lib_a-strlen.o)
 .debug_aranges
                0x0000000000000180       0x20 /usr/lib/gcc/arm-none-eabi/10.3.1/../../../arm-none-eabi/lib/thumb/v7e-m+fp/hard/libc_nano.a(lib_a-__atexit.o)
 .debug_aranges
                0x00000000000001a0       0x20 /usr/lib/gcc/arm-none-eabi/10.3.1/../../../arm-none-eabi/lib/thumb/v7e-m+fp/hard/libc_nano.a(lib_a-__call_atexit.o)
 .debug_aranges
                0x00000000000001c0       0x20 /usr/lib/gcc/arm-none-eabi/10.3.1/../../../arm-none-eabi/lib/thumb/v7e-m+fp/hard/libnosys.a(_exit.o)

.debug_str      0x0000000000000000    0xb8c17
 .debug_str     0x0000000000000000       0x98 /usr/lib/gcc/arm-none-eabi/10.3.1/../../../arm-none-eabi/lib/thumb/v7e-m+fp/hard/crt0.o
 .debug_str     0x0000000000000098       0xa6 _build/nrf52840_xxaa_s140/gcc_startup_nrf52840.S.o
 .debug_str     0x000000000000013e      0x1bf /tmp/nrf52840_xxaa_s140.out.rCGGXd.ltrans0.ltrans.o
                                        0x23d (size before relaxing)
 .debug_str     0x00000000000002fd    0x85bd9 /tmp/cc1kZfvR.debug.temp.o
                                      0x86ee9 (size before relaxing)
 .debug_str     0x0000000000085ed6      0x597 /tmp/ccjVcvG2.debug.temp.o
                                      0x7b1ac (size before relaxing)
 .debug_str     0x000000000008646d       0x51 /tmp/ccUCEsKR.debug.temp.o
                                      0x85231 (size before relaxing)
 .debug_str     0x00000000000864be     0x2c74 /tmp/ccWKTJ1o.debug.temp.o
                                      0x87e20 (size before relaxing)
 .debug_str     0x0000000000089132      0x747 /tmp/ccgPXuRa.debug.temp.o
                                      0x85890 (size before relaxing)
 .debug_str     0x0000000000089879      0xe8d /tmp/ccQhMGND.debug.temp.o
                                      0x89f3f (size before relaxing)
 .debug_str     0x000000000008a706      0x433 /tmp/cc1tFIlC.debug.temp.o
                                      0x87c06 (size before relaxing)
 .debug_str     0x000000000008ab39     0x27d1 /tmp/ccvRUFLd.debug.temp.o
                                      0x897c2 (size before relaxing)
 .debug_str     0x000000000008d30a     0x1301 /tmp/ccObgdrz.debug.temp.o
                                      0x88d3a (size before relaxing)
 .debug_str     0x000000000008e60b       0xc5 /tmp/ccM9HmsW.debug.temp.o
                                      0x8569a (size before relaxing)
 .debug_str     0x000000000008e6d0     0x8547 /tmp/ccTagao8.debug.temp.o
                                      0x7e6c7 (size before relaxing)
 .debug_str     0x0000000000096c17     0x3709 /tmp/ccPRkzWl.debug.temp.o
                                      0x888f9 (size before relaxing)
 .debug_str     0x000000000009a320     0x2538 /tmp/ccUwfm0H.debug.temp.o
                                      0x8adad (size before relaxing)
 .debug_str     0x000000000009c858      0x80f /tmp/ccU2w8jY.debug.temp.o
                                      0x8b1d0 (size before relaxing)
 .debug_str     0x000000000009d067      0xebf /tmp/ccepUN4W.debug.temp.o
                                      0x8812e (size before relaxing)
 .debug_str     0x000000000009df26       0x87 /tmp/ccPRP1hw.debug.temp.o
                                      0x85da8 (size before relaxing)
 .debug_str     0x000000000009dfad     0x17db /tmp/cc6xcG4n.debug.temp.o
                                      0x8a46f (size before relaxing)
 .debug_str     0x000000000009f788      0xe08 /tmp/ccupS1CK.debug.temp.o
                                      0x8a9e0 (size before relaxing)
 .debug_str     0x00000000000a0590     0x6cd2 /tmp/ccuQ2GfQ.debug.temp.o
                                      0x8f88a (size before relaxing)
 .debug_str     0x00000000000a7262      0x133 /tmp/ccIN88y3.debug.temp.o
                                      0x899fd (size before relaxing)
 .debug_str     0x00000000000a7395       0xd7 /tmp/ccYfozlL.debug.temp.o
                                      0x88e30 (size before relaxing)
 .debug_str     0x00000000000a746c     0x21b1 /tmp/ccYv0bKH.debug.temp.o
                                      0x8a8c2 (size before relaxing)
 .debug_str     0x00000000000a961d     0x1a24 /tmp/ccmT2nY6.debug.temp.o
                                      0x8af30 (size before relaxing)
 .debug_str     0x00000000000ab041      0x1dc /tmp/ccRKu9Km.debug.temp.o
                                      0x876d2 (size before relaxing)
 .debug_str     0x00000000000ab21d      0x1d6 /tmp/ccTlT3CE.debug.temp.o
                                      0x85800 (size before relaxing)
 .debug_str     0x00000000000ab3f3      0x103 /tmp/ccrPYxba.debug.temp.o
                                      0x856dc (size before relaxing)
 .debug_str     0x00000000000ab4f6       0x1a /tmp/cckktyIv.debug.temp.o
                                       0x3c15 (size before relaxing)
 .debug_str     0x00000000000ab510     0x1166 /tmp/cc9bhpzU.debug.temp.o
                                      0x921f6 (size before relaxing)
 .debug_str     0x00000000000ac676     0x15a0 /tmp/ccjXCxTp.debug.temp.o
                                      0x90ee7 (size before relaxing)
 .debug_str     0x00000000000adc16      0x145 /tmp/cc3qg8Lw.debug.temp.o
                                      0x7ec1b (size before relaxing)
 .debug_str     0x00000000000add5b     0x1940 /tmp/ccGcytfT.debug.temp.o
                                      0x884dc (size before relaxing)
 .debug_str     0x00000000000af69b     0x2e8d /tmp/cc3rC82G.debug.temp.o
                                      0x95bab (size before relaxing)
 .debug_str     0x00000000000b2528       0x74 /tmp/ccAGMDDS.debug.temp.o
                                      0x8934e (size before relaxing)
 .debug_str     0x00000000000b259c      0x1ae /tmp/ccJhiWVx.debug.temp.o
                                      0x8f322 (size before relaxing)
 .debug_str     0x00000000000b274a      0x828 /tmp/ccznFb5L.debug.temp.o
                                      0x8c6b9 (size before relaxing)
 .debug_str     0x00000000000b2f72      0x109 /tmp/ccNZsm6z.debug.temp.o
                                      0x8ea93 (size before relaxing)
 .debug_str     0x00000000000b307b       0xc9 /tmp/cckNmkIH.debug.temp.o
                                      0x8e2ae (size before relaxing)
 .debug_str     0x00000000000b3144      0x28e /tmp/ccFOcpVZ.debug.temp.o
                                      0x8c294 (size before relaxing)
 .debug_str     0x00000000000b33d2      0x153 /tmp/cc4v3zcj.debug.temp.o
                                       0x7d0f (size before relaxing)
 .debug_str     0x00000000000b3525      0x4dd /tmp/ccYA19uW.debug.temp.o
                                       0x8251 (size before relaxing)
 .debug_str     0x00000000000b3a02      0x396 /tmp/ccMITjfw.debug.temp.o
                                       0x8d3b (size before relaxing)
 .debug_str     0x00000000000b3d98       0xa6 /tmp/cc2tOyzo.debug.temp.o
                                      0x8d36c (size before relaxing)
 .debug_str     0x00000000000b3e3e     0x1c43 /tmp/ccdt1HC4.debug.temp.o
                                      0x97d1d (size before relaxing)
 .debug_str     0x00000000000b5a81      0x101 /tmp/ccCUZM8Z.debug.temp.o
                                      0x8d4c8 (size before relaxing)
 .debug_str     0x00000000000b5b82       0x8e /tmp/ccP6FdjI.debug.temp.o
                                      0x8d46c (size before relaxing)
 .debug_str     0x00000000000b5c10      0x294 /tmp/ccCzQkOQ.debug.temp.o
                                      0x8e269 (size before relaxing)
 .debug_str     0x00000000000b5ea4     0x111c /tmp/ccunbWd9.debug.temp.o
                                      0x967ed (size before relaxing)
 .debug_str     0x00000000000b6fc0      0x5bc /tmp/cccHbIWC.debug.temp.o
                                      0x90235 (size before relaxing)
 .debug_str     0x00000000000b757c      0x175 /tmp/ccbV20x3.debug.temp.o
                                      0x9025a (size before relaxing)
 .debug_str     0x00000000000b76f1      0x156 /tmp/ccLQsGMR.debug.temp.o
                                      0x8d414 (size before relaxing)
 .debug_str     0x00000000000b7847      0x1a7 /tmp/cckl4avz.debug.temp.o
                                      0x907ef (size before relaxing)
 .debug_str     0x00000000000b79ee      0x65a /tmp/ccQnPvvp.debug.temp.o
                                      0x97fbb (size before relaxing)
 .debug_str     0x00000000000b8048      0x155 /tmp/ccADxH2n.debug.temp.o
                                      0x95fdf (size before relaxing)
 .debug_str     0x00000000000b819d      0x14d /usr/lib/gcc/arm-none-eabi/10.3.1/../../../arm-none-eabi/lib/thumb/v7e-m+fp/hard/libc_nano.a(lib_a-atexit.o)
                                        0x1e9 (size before relaxing)
 .debug_str     0x00000000000b82ea      0x328 /usr/lib/gcc/arm-none-eabi/10.3.1/../../../arm-none-eabi/lib/thumb/v7e-m+fp/hard/libc_nano.a(lib_a-exit.o)
                                        0x528 (size before relaxing)
 .debug_str     0x00000000000b8612       0xcc /usr/lib/gcc/arm-none-eabi/10.3.1/../../../arm-none-eabi/lib/thumb/v7e-m+fp/hard/libc_nano.a(lib_a-fini.o)
                                        0x1e1 (size before relaxing)
 .debug_str     0x00000000000b86de       0xdf /usr/lib/gcc/arm-none-eabi/10.3.1/../../../arm-none-eabi/lib/thumb/v7e-m+fp/hard/libc_nano.a(lib_a-impure.o)
                                        0x55e (size before relaxing)
 .debug_str     0x00000000000b87bd       0x90 /usr/lib/gcc/arm-none-eabi/10.3.1/../../../arm-none-eabi/lib/thumb/v7e-m+fp/hard/libc_nano.a(lib_a-init.o)
                                        0x20b (size before relaxing)
 .debug_str     0x00000000000b884d       0x9d /usr/lib/gcc/arm-none-eabi/10.3.1/../../../arm-none-eabi/lib/thumb/v7e-m+fp/hard/libc_nano.a(lib_a-memcmp.o)
                                        0x1ac (size before relaxing)
 .debug_str     0x00000000000b88ea       0xaa /usr/lib/gcc/arm-none-eabi/10.3.1/../../../arm-none-eabi/lib/thumb/v7e-m+fp/hard/libc_nano.a(lib_a-memcpy.o)
                                         0xb6 (size before relaxing)
 .debug_str     0x00000000000b8994       0x41 /usr/lib/gcc/arm-none-eabi/10.3.1/../../../arm-none-eabi/lib/thumb/v7e-m+fp/hard/libc_nano.a(lib_a-memset.o)
                                        0x1c0 (size before relaxing)
 .debug_str     0x00000000000b89d5       0x42 /usr/lib/gcc/arm-none-eabi/10.3.1/../../../arm-none-eabi/lib/thumb/v7e-m+fp/hard/libc_nano.a(lib_a-strlen.o)
                                         0xb5 (size before relaxing)
 .debug_str     0x00000000000b8a17       0xbb /usr/lib/gcc/arm-none-eabi/10.3.1/../../../arm-none-eabi/lib/thumb/v7e-m+fp/hard/libc_nano.a(lib_a-__atexit.o)
                                        0x297 (size before relaxing)
 .debug_str     0x00000000000b8ad2       0x5a /usr/lib/gcc/arm-none-eabi/10.3.1/../../../arm-none-eabi/lib/thumb/v7e-m+fp/hard/libc_nano.a(lib_a-__call_atexit.o)
                                        0x25b (size before relaxing)
 .debug_str     0x00000000000b8b2c       0xeb /usr/lib/gcc/arm-none-eabi/10.3.1/../../../arm-none-eabi/lib/thumb/v7e-m+fp/hard/libnosys.a(_exit.o)
                                        0x181 (size before relaxing)

.debug_loc      0x0000000000000000     0xb8b4
 .debug_loc     0x0000000000000000     0xaf92 /tmp/nrf52840_xxaa_s140.out.rCGGXd.ltrans0.ltrans.o
 .debug_loc     0x000000000000af92       0x32 /usr/lib/gcc/arm-none-eabi/10.3.1/../../../arm-none-eabi/lib/thumb/v7e-m+fp/hard/libc_nano.a(lib_a-atexit.o)
 .debug_loc     0x000000000000afc4       0x22 /usr/lib/gcc/arm-none-eabi/10.3.1/../../../arm-none-eabi/lib/thumb/v7e-m+fp/hard/libc_nano.a(lib_a-exit.o)
 .debug_loc     0x000000000000afe6       0x68 /usr/lib/gcc/arm-none-eabi/10.3.1/../../../arm-none-eabi/lib/thumb/v7e-m+fp/hard/libc_nano.a(lib_a-fini.o)
 .debug_loc     0x000000000000b04e       0xba /usr/lib/gcc/arm-none-eabi/10.3.1/../../../arm-none-eabi/lib/thumb/v7e-m+fp/hard/libc_nano.a(lib_a-init.o)
 .debug_loc     0x000000000000b108      0x1db /usr/lib/gcc/arm-none-eabi/10.3.1/../../../arm-none-eabi/lib/thumb/v7e-m+fp/hard/libc_nano.a(lib_a-memcmp.o)
 .debug_loc     0x000000000000b2e3      0x22c /usr/lib/gcc/arm-none-eabi/10.3.1/../../../arm-none-eabi/lib/thumb/v7e-m+fp/hard/libc_nano.a(lib_a-memset.o)
 .debug_loc     0x000000000000b50f      0x1f5 /usr/lib/gcc/arm-none-eabi/10.3.1/../../../arm-none-eabi/lib/thumb/v7e-m+fp/hard/libc_nano.a(lib_a-__atexit.o)
 .debug_loc     0x000000000000b704      0x19b /usr/lib/gcc/arm-none-eabi/10.3.1/../../../arm-none-eabi/lib/thumb/v7e-m+fp/hard/libc_nano.a(lib_a-__call_atexit.o)
 .debug_loc     0x000000000000b89f       0x15 /usr/lib/gcc/arm-none-eabi/10.3.1/../../../arm-none-eabi/lib/thumb/v7e-m+fp/hard/libnosys.a(_exit.o)

.debug_ranges   0x0000000000000000     0x1dc8
 .debug_ranges  0x0000000000000000     0x1d98 /tmp/nrf52840_xxaa_s140.out.rCGGXd.ltrans0.ltrans.o
 .debug_ranges  0x0000000000001d98       0x30 /usr/lib/gcc/arm-none-eabi/10.3.1/../../../arm-none-eabi/lib/thumb/v7e-m+fp/hard/libc_nano.a(lib_a-__call_atexit.o)

.debug_frame    0x0000000000000000     0x1388
 .debug_frame   0x0000000000000000     0x11e4 /tmp/nrf52840_xxaa_s140.out.rCGGXd.ltrans0.ltrans.o
 .debug_frame   0x00000000000011e4       0x20 /usr/lib/gcc/arm-none-eabi/10.3.1/../../../arm-none-eabi/lib/thumb/v7e-m+fp/hard/libc_nano.a(lib_a-atexit.o)
 .debug_frame   0x0000000000001204       0x28 /usr/lib/gcc/arm-none-eabi/10.3.1/../../../arm-none-eabi/lib/thumb/v7e-m+fp/hard/libc_nano.a(lib_a-exit.o)
 .debug_frame   0x000000000000122c       0x34 /usr/lib/gcc/arm-none-eabi/10.3.1/../../../arm-none-eabi/lib/thumb/v7e-m+fp/hard/libc_nano.a(lib_a-fini.o)
 .debug_frame   0x0000000000001260       0x2c /usr/lib/gcc/arm-none-eabi/10.3.1/../../../arm-none-eabi/lib/thumb/v7e-m+fp/hard/libc_nano.a(lib_a-init.o)
 .debug_frame   0x000000000000128c       0x2c /usr/lib/gcc/arm-none-eabi/10.3.1/../../../arm-none-eabi/lib/thumb/v7e-m+fp/hard/libc_nano.a(lib_a-memcmp.o)
 .debug_frame   0x00000000000012b8       0x2c /usr/lib/gcc/arm-none-eabi/10.3.1/../../../arm-none-eabi/lib/thumb/v7e-m+fp/hard/libc_nano.a(lib_a-memset.o)
 .debug_frame   0x00000000000012e4       0x38 /usr/lib/gcc/arm-none-eabi/10.3.1/../../../arm-none-eabi/lib/thumb/v7e-m+fp/hard/libc_nano.a(lib_a-__atexit.o)
 .debug_frame   0x000000000000131c       0x4c /usr/lib/gcc/arm-none-eabi/10.3.1/../../../arm-none-eabi/lib/thumb/v7e-m+fp/hard/libc_nano.a(lib_a-__call_atexit.o)
 .debug_frame   0x0000000000001368       0x20 /usr/lib/gcc/arm-none-eabi/10.3.1/../../../arm-none-eabi/lib/thumb/v7e-m+fp/hard/libnosys.a(_exit.o)

.debug_macro    0x0000000000000000    0x116ea
 .debug_macro   0x0000000000000000      0x30d /tmp/cc1kZfvR.debug.temp.o
 .debug_macro   0x000000000000030d       0x1c /tmp/cc1kZfvR.debug.temp.o
 .debug_macro   0x0000000000000329       0x16 /tmp/cc1kZfvR.debug.temp.o
 .debug_macro   0x000000000000033f       0x16 /tmp/cc1kZfvR.debug.temp.o
 .debug_macro   0x0000000000000355       0x22 /tmp/cc1kZfvR.debug.temp.o
 .debug_macro   0x0000000000000377      0x24d /tmp/ccjVcvG2.debug.temp.o
 .debug_macro   0x00000000000005c4      0x23c /tmp/ccUCEsKR.debug.temp.o
 .debug_macro   0x0000000000000800      0x283 /tmp/ccWKTJ1o.debug.temp.o
 .debug_macro   0x0000000000000a83       0x37 /tmp/ccWKTJ1o.debug.temp.o
 .debug_macro   0x0000000000000aba       0x27 /tmp/ccWKTJ1o.debug.temp.o
 .debug_macro   0x0000000000000ae1      0x226 /tmp/ccgPXuRa.debug.temp.o
 .debug_macro   0x0000000000000d07       0x42 /tmp/ccgPXuRa.debug.temp.o
 .debug_macro   0x0000000000000d49      0x343 /tmp/ccQhMGND.debug.temp.o
 .debug_macro   0x000000000000108c       0x98 /tmp/ccQhMGND.debug.temp.o
 .debug_macro   0x0000000000001124       0x16 /tmp/ccQhMGND.debug.temp.o
 .debug_macro   0x000000000000113a      0x28b /tmp/cc1tFIlC.debug.temp.o
 .debug_macro   0x00000000000013c5       0x16 /tmp/cc1tFIlC.debug.temp.o
 .debug_macro   0x00000000000013db      0x3d4 /tmp/ccvRUFLd.debug.temp.o
 .debug_macro   0x00000000000017af      0x462 /tmp/ccvRUFLd.debug.temp.o
 .debug_macro   0x0000000000001c11       0x59 /tmp/ccvRUFLd.debug.temp.o
 .debug_macro   0x0000000000001c6a       0x1f /tmp/ccvRUFLd.debug.temp.o
 .debug_macro   0x0000000000001c89      0x154 /tmp/ccvRUFLd.debug.temp.o
 .debug_macro   0x0000000000001ddd       0x3f /tmp/ccvRUFLd.debug.temp.o
 .debug_macro   0x0000000000001e1c       0x19 /tmp/ccvRUFLd.debug.temp.o
 .debug_macro   0x0000000000001e35       0x1d /tmp/ccvRUFLd.debug.temp.o
 .debug_macro   0x0000000000001e52       0xac /tmp/ccvRUFLd.debug.temp.o
 .debug_macro   0x0000000000001efe       0x1c /tmp/ccvRUFLd.debug.temp.o
 .debug_macro   0x0000000000001f1a       0x40 /tmp/ccvRUFLd.debug.temp.o
 .debug_macro   0x0000000000001f5a       0x20 /tmp/ccvRUFLd.debug.temp.o
 .debug_macro   0x0000000000001f7a       0x10 /tmp/ccvRUFLd.debug.temp.o
 .debug_macro   0x0000000000001f8a      0x354 /tmp/ccObgdrz.debug.temp.o
 .debug_macro   0x00000000000022de       0x11 /tmp/ccObgdrz.debug.temp.o
 .debug_macro   0x00000000000022ef       0x2b /tmp/ccObgdrz.debug.temp.o
 .debug_macro   0x000000000000231a       0x1c /tmp/ccObgdrz.debug.temp.o
 .debug_macro   0x0000000000002336      0x235 /tmp/ccM9HmsW.debug.temp.o
 .debug_macro   0x000000000000256b      0x10f /tmp/ccTagao8.debug.temp.o
 .debug_macro   0x000000000000267a      0x44e /tmp/ccTagao8.debug.temp.o
 .debug_macro   0x0000000000002ac8      0xa28 /tmp/ccTagao8.debug.temp.o
 .debug_macro   0x00000000000034f0      0x520 /tmp/ccTagao8.debug.temp.o
 .debug_macro   0x0000000000003a10      0x164 /tmp/ccTagao8.debug.temp.o
 .debug_macro   0x0000000000003b74       0x10 /tmp/ccTagao8.debug.temp.o
 .debug_macro   0x0000000000003b84      0x360 /tmp/ccPRkzWl.debug.temp.o
 .debug_macro   0x0000000000003ee4       0x34 /tmp/ccPRkzWl.debug.temp.o
 .debug_macro   0x0000000000003f18       0x10 /tmp/ccPRkzWl.debug.temp.o
 .debug_macro   0x0000000000003f28       0x3c /tmp/ccPRkzWl.debug.temp.o
 .debug_macro   0x0000000000003f64       0x16 /tmp/ccPRkzWl.debug.temp.o
 .debug_macro   0x0000000000003f7a       0x22 /tmp/ccPRkzWl.debug.temp.o
 .debug_macro   0x0000000000003f9c       0x16 /tmp/ccPRkzWl.debug.temp.o
 .debug_macro   0x0000000000003fb2       0xb2 /tmp/ccPRkzWl.debug.temp.o
 .debug_macro   0x0000000000004064       0x10 /tmp/ccPRkzWl.debug.temp.o
 .debug_macro   0x0000000000004074       0x1c /tmp/ccPRkzWl.debug.temp.o
 .debug_macro   0x0000000000004090       0x6a /tmp/ccPRkzWl.debug.temp.o
 .debug_macro   0x00000000000040fa      0x156 /tmp/ccPRkzWl.debug.temp.o
 .debug_macro   0x0000000000004250       0x1c /tmp/ccPRkzWl.debug.temp.o
 .debug_macro   0x000000000000426c       0x42 /tmp/ccPRkzWl.debug.temp.o
 .debug_macro   0x00000000000042ae       0x79 /tmp/ccPRkzWl.debug.temp.o
 .debug_macro   0x0000000000004327       0xd9 /tmp/ccPRkzWl.debug.temp.o
 .debug_macro   0x0000000000004400       0x10 /tmp/ccPRkzWl.debug.temp.o
 .debug_macro   0x0000000000004410      0x3d1 /tmp/ccUwfm0H.debug.temp.o
 .debug_macro   0x00000000000047e1       0x16 /tmp/ccUwfm0H.debug.temp.o
 .debug_macro   0x00000000000047f7       0x10 /tmp/ccUwfm0H.debug.temp.o
 .debug_macro   0x0000000000004807      0x29e /tmp/ccUwfm0H.debug.temp.o
 .debug_macro   0x0000000000004aa5      0x3c1 /tmp/ccU2w8jY.debug.temp.o
 .debug_macro   0x0000000000004e66       0x22 /tmp/ccU2w8jY.debug.temp.o
 .debug_macro   0x0000000000004e88       0x16 /tmp/ccU2w8jY.debug.temp.o
 .debug_macro   0x0000000000004e9e       0x16 /tmp/ccU2w8jY.debug.temp.o
 .debug_macro   0x0000000000004eb4       0x40 /tmp/ccU2w8jY.debug.temp.o
 .debug_macro   0x0000000000004ef4       0xb8 /tmp/ccU2w8jY.debug.temp.o
 .debug_macro   0x0000000000004fac       0x1c /tmp/ccU2w8jY.debug.temp.o
 .debug_macro   0x0000000000004fc8       0x1c /tmp/ccU2w8jY.debug.temp.o
 .debug_macro   0x0000000000004fe4      0x2f8 /tmp/ccepUN4W.debug.temp.o
 .debug_macro   0x00000000000052dc      0x15c /tmp/ccepUN4W.debug.temp.o
 .debug_macro   0x0000000000005438       0xb2 /tmp/ccepUN4W.debug.temp.o
 .debug_macro   0x00000000000054ea       0x34 /tmp/ccepUN4W.debug.temp.o
 .debug_macro   0x000000000000551e       0x5e /tmp/ccepUN4W.debug.temp.o
 .debug_macro   0x000000000000557c       0x10 /tmp/ccepUN4W.debug.temp.o
 .debug_macro   0x000000000000558c      0x232 /tmp/ccPRP1hw.debug.temp.o
 .debug_macro   0x00000000000057be      0x384 /tmp/cc6xcG4n.debug.temp.o
 .debug_macro   0x0000000000005b42       0x35 /tmp/cc6xcG4n.debug.temp.o
 .debug_macro   0x0000000000005b77       0x7b /tmp/cc6xcG4n.debug.temp.o
 .debug_macro   0x0000000000005bf2       0x1c /tmp/cc6xcG4n.debug.temp.o
 .debug_macro   0x0000000000005c0e      0x208 /tmp/cc6xcG4n.debug.temp.o
 .debug_macro   0x0000000000005e16      0x16d /tmp/cc6xcG4n.debug.temp.o
 .debug_macro   0x0000000000005f83      0x378 /tmp/ccupS1CK.debug.temp.o
 .debug_macro   0x00000000000062fb      0x16d /tmp/ccupS1CK.debug.temp.o
 .debug_macro   0x0000000000006468      0x3ad /tmp/ccuQ2GfQ.debug.temp.o
 .debug_macro   0x0000000000006815       0x46 /tmp/ccuQ2GfQ.debug.temp.o
 .debug_macro   0x000000000000685b       0xb2 /tmp/ccuQ2GfQ.debug.temp.o
 .debug_macro   0x000000000000690d      0x13a /tmp/ccuQ2GfQ.debug.temp.o
 .debug_macro   0x0000000000006a47      0x204 /tmp/ccuQ2GfQ.debug.temp.o
 .debug_macro   0x0000000000006c4b      0x5ad /tmp/ccuQ2GfQ.debug.temp.o
 .debug_macro   0x00000000000071f8       0x8d /tmp/ccuQ2GfQ.debug.temp.o
 .debug_macro   0x0000000000007285      0x205 /tmp/ccuQ2GfQ.debug.temp.o
 .debug_macro   0x000000000000748a       0x22 /tmp/ccuQ2GfQ.debug.temp.o